ACTIVE-360-640-1 PASS
ACTIVE-360-640-1.5 PASS
ACTIVE-360-640-2 PASS
ACTIVE-390-844-1 PASS
ACTIVE-390-844-1.5 PASS
ACTIVE-390-844-2 PASS
ACTIVE-412-915-1 PASS
ACTIVE-412-915-1.5 PASS
ACTIVE-412-915-2 PASS
DRAFT-360-640-1 PASS
DRAFT-360-640-1.5 PASS
DRAFT-360-640-2 PASS
DRAFT-390-844-1 PASS
DRAFT-390-844-1.5 PASS
DRAFT-390-844-2 PASS
DRAFT-412-915-1 PASS
DRAFT-412-915-1.5 PASS
DRAFT-412-915-2 PASS
READY-360-640-1 PASS
READY-360-640-1.5 PASS
READY-360-640-2 PASS
READY-390-844-1 PASS
READY-390-844-1.5 PASS
READY-390-844-2 PASS
READY-412-915-1 PASS
READY-412-915-1.5 PASS
READY-412-915-2 PASS
WAITING-360-640-1 PASS
WAITING-360-640-1.5 PASS
WAITING-360-640-2 PASS
WAITING-390-844-1 PASS
WAITING-390-844-1.5 PASS
WAITING-390-844-2 PASS
WAITING-412-915-1 PASS
WAITING-412-915-1.5 PASS
WAITING-412-915-2 PASS
empty-360-640-1 PASS
empty-360-640-1.5 PASS
empty-360-640-2 PASS
pointy-plain-1 PASS
pointy-plain-2 PASS
pointy-plain-3 PASS
pointy-spots-1 PASS
pointy-spots-2 PASS
pointy-spots-3 PASS
pointy-stripes-1 PASS
pointy-stripes-2 PASS
pointy-stripes-3 PASS
round-plain-1 PASS
round-plain-2 PASS
round-plain-3 PASS
round-spots-1 PASS
round-spots-2 PASS
round-spots-3 PASS
round-stripes-1 PASS
round-stripes-2 PASS
round-stripes-3 PASS
floppy-plain-1 PASS
floppy-plain-2 PASS
floppy-plain-3 PASS
floppy-spots-1 PASS
floppy-spots-2 PASS
floppy-spots-3 PASS
floppy-stripes-1 PASS
floppy-stripes-2 PASS
floppy-stripes-3 PASS
