
> finni@0.1.0 verify
> npm run lint && npm run typecheck && npm run test && npm run content && npm run fixtures


> finni@0.1.0 lint
> eslint . --max-warnings=0


> finni@0.1.0 typecheck
> tsc --noEmit


> finni@0.1.0 test
> node --test tests/*.test.mjs

TAP version 13
# (node:54912) [MODULE_TYPELESS_PACKAGE_JSON] Warning: Module type of file:///C:/00.MIDAS/PROJECTS/28.%20HackApp.%202026/Finni%20App/src/application/index.ts is not specified and it doesn't parse as CommonJS.
# Reparsing as ES module because module syntax was detected. This incurs a performance overhead.
# To eliminate this warning, add "type": "module" to C:\\00.MIDAS\\PROJECTS\\28. HackApp. 2026\\Finni App\\package.json.
# (Use `node --trace-warnings ...` to show where the warning was created)
# (node:54912) ExperimentalWarning: SQLite is an experimental feature and might change at any time
# Subtest: TC-071/169 adult access is memory-only, deliberate and relocks on idle/background
ok 1 - TC-071/169 adult access is memory-only, deliberate and relocks on idle/background
  ---
  duration_ms: 19.2614
  type: 'test'
  ...
# Subtest: TC-173 control database serializes CAS and survives file-backed restart
ok 2 - TC-173 control database serializes CAS and survives file-backed restart
  ---
  duration_ms: 36.2792
  type: 'test'
  ...
# Subtest: History and Help expose factual child-safe content and return contract
ok 3 - History and Help expose factual child-safe content and return contract
  ---
  duration_ms: 2.1692
  type: 'test'
  ...
# Subtest: Adult UI and AppRoot enforce gate, relock and coordinator-only runtime actions
ok 4 - Adult UI and AppRoot enforce gate, relock and coordinator-only runtime actions
  ---
  duration_ms: 1.7252
  type: 'test'
  ...
# Subtest: Production adapters use dedicated control DB and known-name idempotent delete semantics
ok 5 - Production adapters use dedicated control DB and known-name idempotent delete semantics
  ---
  duration_ms: 1.3182
  type: 'test'
  ...
# Subtest: Android release contract targets package and portrait orientation
ok 6 - Android release contract targets package and portrait orientation
  ---
  duration_ms: 3.1411
  type: 'test'
  ...
# Subtest: API 26 is declared through expo-build-properties
ok 7 - API 26 is declared through expo-build-properties
  ---
  duration_ms: 0.6987
  type: 'test'
  ...
# Subtest: release build requires external signing and has no debug fallback
ok 8 - release build requires external signing and has no debug fallback
  ---
  duration_ms: 0.6712
  type: 'test'
  ...
# Subtest: Babel config uses only the Expo preset and no superseded native renderer plugin
ok 9 - Babel config uses only the Expo preset and no superseded native renderer plugin
  ---
  duration_ms: 0.5563
  type: 'test'
  ...
# Subtest: release build clears only the generated app CMake cache before Gradle clean
ok 10 - release build clears only the generated app CMake cache before Gradle clean
  ---
  duration_ms: 0.7073
  type: 'test'
  ...
# Subtest: budget plan component wires draft, confirmation and additional-income states
ok 11 - budget plan component wires draft, confirmation and additional-income states
  ---
  duration_ms: 5.7173
  type: 'test'
  ...
# (node:44552) [MODULE_TYPELESS_PACKAGE_JSON] Warning: Module type of file:///C:/00.MIDAS/PROJECTS/28.%20HackApp.%202026/Finni%20App/src/application/budget-plan-model.ts is not specified and it doesn't parse as CommonJS.
# Reparsing as ES module because module syntax was detected. This incurs a performance overhead.
# To eliminate this warning, add "type": "module" to C:\\00.MIDAS\\PROJECTS\\28. HackApp. 2026\\Finni App\\package.json.
# (Use `node --trace-warnings ...` to show where the warning was created)
# (node:44552) ExperimentalWarning: SQLite is an experimental feature and might change at any time
# Subtest: plan draft and additional-income component models validate exact integer input
ok 12 - plan draft and additional-income component models validate exact integer input
  ---
  duration_ms: 3.5092
  type: 'test'
  ...
# Subtest: confirm and additions are atomic, idempotent and survive a file-backed restart
ok 13 - confirm and additions are atomic, idempotent and survive a file-backed restart
  ---
  duration_ms: 996.1802
  type: 'test'
  ...
# (node:49672) [MODULE_TYPELESS_PACKAGE_JSON] Warning: Module type of file:///C:/00.MIDAS/PROJECTS/28.%20HackApp.%202026/Finni%20App/src/lessons/budget-purchase-lessons.ts is not specified and it doesn't parse as CommonJS.
# Reparsing as ES module because module syntax was detected. This incurs a performance overhead.
# To eliminate this warning, add "type": "module" to C:\\00.MIDAS\\PROJECTS\\28. HackApp. 2026\\Finni App\\package.json.
# (Use `node --trace-warnings ...` to show where the warning was created)
# Subtest: B01 and B02 use the schema-v3 allocation parameters
ok 14 - B01 and B02 use the schema-v3 allocation parameters
  ---
  duration_ms: 3.5048
  type: 'test'
  ...
# Subtest: P01 accepts canonical package counts and never performs a wallet write
ok 15 - P01 accepts canonical package counts and never performs a wallet write
  ---
  duration_ms: 9.3552
  type: 'test'
  ...
# Subtest: P02 detects invalid competing offers and a more expensive equal coverage alternative
ok 16 - P02 detects invalid competing offers and a more expensive equal coverage alternative
  ---
  duration_ms: 1.0623
  type: 'test'
  ...
# Subtest: B02 starts from the visible 40/40/20 draft and accepts only an edited plan
ok 17 - B02 starts from the visible 40/40/20 draft and accepts only an edited plan
  ---
  duration_ms: 0.8105
  type: 'test'
  ...
# Subtest: P02 explains exact prices, quantities and leftovers in both pencil variants
ok 18 - P02 explains exact prices, quantities and leftovers in both pencil variants
  ---
  duration_ms: 1.3434
  type: 'test'
  ...
# Subtest: allocation and basket renderers expose canonical editable learning actions
ok 19 - allocation and basket renderers expose canonical editable learning actions
  ---
  duration_ms: 3.0949
  type: 'test'
  ...
# Subtest: pinned content definitions route all eight demo lessons through LessonShell
ok 20 - pinned content definitions route all eight demo lessons through LessonShell
  ---
  duration_ms: 0.5162
  type: 'test'
  ...
# (node:41368) [MODULE_TYPELESS_PACKAGE_JSON] Warning: Module type of file:///C:/00.MIDAS/PROJECTS/28.%20HackApp.%202026/Finni%20App/src/domain/index.ts is not specified and it doesn't parse as CommonJS.
# Reparsing as ES module because module syntax was detected. This incurs a performance overhead.
# To eliminate this warning, add "type": "module" to C:\\00.MIDAS\\PROJECTS\\28. HackApp. 2026\\Finni App\\package.json.
# (Use `node --trace-warnings ...` to show where the warning was created)
# (node:41368) ExperimentalWarning: SQLite is an experimental feature and might change at any time
# Subtest: catalog purchase previews funds and persists one immutable receipt/ledger row
ok 21 - catalog purchase previews funds and persists one immutable receipt/ledger row
  ---
  duration_ms: 132.4991
  type: 'test'
  ...
# Subtest: insufficient purchase changes neither projection nor history
ok 22 - insufficient purchase changes neither projection nor history
  ---
  duration_ms: 59.3999
  type: 'test'
  ...
# (node:46424) [MODULE_TYPELESS_PACKAGE_JSON] Warning: Module type of file:///C:/00.MIDAS/PROJECTS/28.%20HackApp.%202026/Finni%20App/src/domain/lesson.ts is not specified and it doesn't parse as CommonJS.
# Reparsing as ES module because module syntax was detected. This incurs a performance overhead.
# To eliminate this warning, add "type": "module" to C:\\00.MIDAS\\PROJECTS\\28. HackApp. 2026\\Finni App\\package.json.
# (Use `node --trace-warnings ...` to show where the warning was created)
# Subtest: actual lesson evaluator registry matches every canonical fixture for the eight runnable lessons
ok 23 - actual lesson evaluator registry matches every canonical fixture for the eight runnable lessons
  ---
  duration_ms: 213.5205
  type: 'test'
  ...
# (node:25020) [MODULE_TYPELESS_PACKAGE_JSON] Warning: Module type of file:///C:/00.MIDAS/PROJECTS/28.%20HackApp.%202026/Finni%20App/src/content/loader.ts is not specified and it doesn't parse as CommonJS.
# Reparsing as ES module because module syntax was detected. This incurs a performance overhead.
# To eliminate this warning, add "type": "module" to C:\\00.MIDAS\\PROJECTS\\28. HackApp. 2026\\Finni App\\package.json.
# (Use `node --trace-warnings ...` to show where the warning was created)
# Subtest: canonical manifest loads exactly eight strict schema-v3 lessons
ok 24 - canonical manifest loads exactly eight strict schema-v3 lessons
  ---
  duration_ms: 262.1186
  type: 'test'
  ...
# Subtest: attempt definition is an immutable version/variant snapshot
ok 25 - attempt definition is an immutable version/variant snapshot
  ---
  duration_ms: 863.5414
  type: 'test'
  ...
# Subtest: manifest rejects broken links and dependency cycles
ok 26 - manifest rejects broken links and dependency cycles
  ---
  duration_ms: 1377.3814
  type: 'test'
  ...
# Subtest: lesson schema rejects non-canonical semver, URLs, unknown fields and fixture contradictions
ok 27 - lesson schema rejects non-canonical semver, URLs, unknown fields and fixture contradictions
  ---
  duration_ms: 48.7536
  type: 'test'
  ...
# Subtest: basket minimum excludes impossible simultaneous alternative-group offers
ok 28 - basket minimum excludes impossible simultaneous alternative-group offers
  ---
  duration_ms: 15.5091
  type: 'test'
  ...
# Subtest: demo variants pin P02, P03 and B03 without increasing the eight-topic manifest
ok 29 - demo variants pin P02, P03 and B03 without increasing the eight-topic manifest
  ---
  duration_ms: 133.4593
  type: 'test'
  ...
# (node:45724) [MODULE_TYPELESS_PACKAGE_JSON] Warning: Module type of file:///C:/00.MIDAS/PROJECTS/28.%20HackApp.%202026/Finni%20App/src/domain/index.ts is not specified and it doesn't parse as CommonJS.
# Reparsing as ES module because module syntax was detected. This incurs a performance overhead.
# To eliminate this warning, add "type": "module" to C:\\00.MIDAS\\PROJECTS\\28. HackApp. 2026\\Finni App\\package.json.
# (Use `node --trace-warnings ...` to show where the warning was created)
# (node:45724) ExperimentalWarning: SQLite is an experimental feature and might change at any time
# Subtest: file-backed crash boundaries rollback before/after receipt and replay after lost COMMIT response
ok 30 - file-backed crash boundaries rollback before/after receipt and replay after lost COMMIT response
  ---
  duration_ms: 181.4175
  type: 'test'
  ...
# Subtest: v4 fixture survives injected v5 migration failure and unsupported newer schema is never reset
ok 31 - v4 fixture survives injected v5 migration failure and unsupported newer schema is never reset
  ---
  duration_ms: 342.1866
  type: 'test'
  ...
# Subtest: real S2 commands reconcile the complete ledger and projections after close and restart
ok 32 - real S2 commands reconcile the complete ledger and projections after close and restart
  ---
  duration_ms: 320.4491
  type: 'test'
  ...
# (node:35156) [MODULE_TYPELESS_PACKAGE_JSON] Warning: Module type of file:///C:/00.MIDAS/PROJECTS/28.%20HackApp.%202026/Finni%20App/src/domain/index.ts is not specified and it doesn't parse as CommonJS.
# Reparsing as ES module because module syntax was detected. This incurs a performance overhead.
# To eliminate this warning, add "type": "module" to C:\\00.MIDAS\\PROJECTS\\28. HackApp. 2026\\Finni App\\package.json.
# (Use `node --trace-warnings ...` to show where the warning was created)
# Subtest: SRS 19.1 fixture reaches B40/S30, growth 13 and stage three
ok 33 - SRS 19.1 fixture reaches B40/S30, growth 13 and stage three
  ---
  duration_ms: 6.5674
  type: 'test'
  ...
# Subtest: SRS 19.7 fixture keeps the audited counterexamples explicit
ok 34 - SRS 19.7 fixture keeps the audited counterexamples explicit
  ---
  duration_ms: 0.4209
  type: 'test'
  ...
# (node:54624) [MODULE_TYPELESS_PACKAGE_JSON] Warning: Module type of file:///C:/00.MIDAS/PROJECTS/28.%20HackApp.%202026/Finni%20App/src/domain/index.ts is not specified and it doesn't parse as CommonJS.
# Reparsing as ES module because module syntax was detected. This incurs a performance overhead.
# To eliminate this warning, add "type": "module" to C:\\00.MIDAS\\PROJECTS\\28. HackApp. 2026\\Finni App\\package.json.
# (Use `node --trace-warnings ...` to show where the warning was created)
# Subtest: Amount projection overflow rejects the whole calculation as NUMERIC_LIMIT
ok 35 - Amount projection overflow rejects the whole calculation as NUMERIC_LIMIT
  ---
  duration_ms: 2.8527
  type: 'test'
  ...
# (node:31476) [MODULE_TYPELESS_PACKAGE_JSON] Warning: Module type of file:///C:/00.MIDAS/PROJECTS/28.%20HackApp.%202026/Finni%20App/src/domain/index.ts is not specified and it doesn't parse as CommonJS.
# Reparsing as ES module because module syntax was detected. This incurs a performance overhead.
# To eliminate this warning, add "type": "module" to C:\\00.MIDAS\\PROJECTS\\28. HackApp. 2026\\Finni App\\package.json.
# (Use `node --trace-warnings ...` to show where the warning was created)
# Subtest: numeric contracts enforce Amount, Delta, Counter and NetFlow boundaries
ok 36 - numeric contracts enforce Amount, Delta, Counter and NetFlow boundaries
  ---
  duration_ms: 169.491
  type: 'test'
  ...
# Subtest: TC-005/006: period income is exactly 100 and repeated decisions are deterministic
ok 37 - TC-005/006: period income is exactly 100 and repeated decisions are deterministic
  ---
  duration_ms: 2.1279
  type: 'test'
  ...
# Subtest: TC-007–013: plan validation, immutability and reward separation
ok 38 - TC-007–013: plan validation, immutability and reward separation
  ---
  duration_ms: 3.4062
  type: 'test'
  ...
# Subtest: balance formula preserves B+S and rejects insufficient projections
ok 39 - balance formula preserves B+S and rejects insufficient projections
  ---
  duration_ms: 1.1824
  type: 'test'
  ...
# Subtest: TC-153–158: additions use reward quota, preserve overruns and preconditions
ok 40 - TC-153–158: additions use reward quota, preserve overruns and preconditions
  ---
  duration_ms: 2.2843
  type: 'test'
  ...
# Subtest: TC-157 boundary: canonical identity is stable across restart metadata
ok 41 - TC-157 boundary: canonical identity is stable across restart metadata
  ---
  duration_ms: 0.8749
  type: 'test'
  ...
# Subtest: TC-159–164: high-water blocks repeated savings credit and allows signed flow
ok 42 - TC-159–164: high-water blocks repeated savings credit and allows signed flow
  ---
  duration_ms: 1.1669
  type: 'test'
  ...
# Subtest: domain source imports neither React nor SQLite
ok 43 - domain source imports neither React nor SQLite
  ---
  duration_ms: 7.121
  type: 'test'
  ...
# (node:52744) [MODULE_TYPELESS_PACKAGE_JSON] Warning: Module type of file:///C:/00.MIDAS/PROJECTS/28.%20HackApp.%202026/Finni%20App/src/ui/finni-animation-set.ts is not specified and it doesn't parse as CommonJS.
# Reparsing as ES module because module syntax was detected. This incurs a performance overhead.
# To eliminate this warning, add "type": "module" to C:\\00.MIDAS\\PROJECTS\\28. HackApp. 2026\\Finni App\\package.json.
# (Use `node --trace-warnings ...` to show where the warning was created)
# Subtest: AN-001–014 have bounded recipes, static poses and skippable milestones
ok 44 - AN-001–014 have bounded recipes, static poses and skippable milestones
  ---
  duration_ms: 164.0281
  type: 'test'
  ...
# Subtest: result replaces optional reaction; background cannot interrupt result
ok 45 - result replaces optional reaction; background cannot interrupt result
  ---
  duration_ms: 0.8608
  type: 'test'
  ...
# Subtest: rapid taps keep at most one optional reaction and stale completion cannot end replacement
ok 46 - rapid taps keep at most one optional reaction and stale completion cannot end replacement
  ---
  duration_ms: 1.1115
  type: 'test'
  ...
# Subtest: goal and stage skip display committed presentation and invalidate old timer
ok 47 - goal and stage skip display committed presentation and invalidate old timer
  ---
  duration_ms: 0.5591
  type: 'test'
  ...
# Subtest: modal, leave and profile change cancel effects without mutating committed presentation
ok 48 - modal, leave and profile change cancel effects without mutating committed presentation
  ---
  duration_ms: 0.5921
  type: 'test'
  ...
# Subtest: motion, system preference and sound are independent of committed state
ok 49 - motion, system preference and sound are independent of committed state
  ---
  duration_ms: 0.478
  type: 'test'
  ...
# (node:10860) [MODULE_TYPELESS_PACKAGE_JSON] Warning: Module type of file:///C:/00.MIDAS/PROJECTS/28.%20HackApp.%202026/Finni%20App/src/domain/pet-profile.ts is not specified and it doesn't parse as CommonJS.
# Reparsing as ES module because module syntax was detected. This incurs a performance overhead.
# To eliminate this warning, add "type": "module" to C:\\00.MIDAS\\PROJECTS\\28. HackApp. 2026\\Finni App\\package.json.
# (Use `node --trace-warnings ...` to show where the warning was created)
# Subtest: all nine domain combinations resolve to their own rendered artwork
ok 50 - all nine domain combinations resolve to their own rendered artwork
  ---
  duration_ms: 6.2694
  type: 'test'
  ...
# Subtest: accepted spotted frames and nine source layers have verified local PNG hashes
ok 51 - accepted spotted frames and nine source layers have verified local PNG hashes
  ---
  duration_ms: 504.1377
  type: 'test'
  ...
# Subtest: matrix package supplies eighteen unique frames and matching source hashes
ok 52 - matrix package supplies eighteen unique frames and matching source hashes
  ---
  duration_ms: 2463.7699
  type: 'test'
  ...
# (node:36544) [MODULE_TYPELESS_PACKAGE_JSON] Warning: Module type of file:///C:/00.MIDAS/PROJECTS/28.%20HackApp.%202026/Finni%20App/src/ui/finni-layer-contract.ts is not specified and it doesn't parse as CommonJS.
# Reparsing as ES module because module syntax was detected. This incurs a performance overhead.
# To eliminate this warning, add "type": "module" to C:\\00.MIDAS\\PROJECTS\\28. HackApp. 2026\\Finni App\\package.json.
# (Use `node --trace-warnings ...` to show where the warning was created)
# Subtest: default app has one production root and no 3D diagnostic route
ok 53 - default app has one production root and no 3D diagnostic route
  ---
  duration_ms: 3.0001
  type: 'test'
  ...
# Subtest: production master copies match accepted S7-004 hashes
ok 54 - production master copies match accepted S7-004 hashes
  ---
  duration_ms: 519.9021
  type: 'test'
  ...
# Subtest: Home scene is local, lifecycle-aware, reduced-motion safe and bounded
ok 55 - Home scene is local, lifecycle-aware, reduced-motion safe and bounded
  ---
  duration_ms: 77.7701
  type: 'test'
  ...
# Subtest: three stage frames preserve the same room floor contact
ok 56 - three stage frames preserve the same room floor contact
  ---
  duration_ms: 3.5872
  type: 'test'
  ...
# Subtest: first blink waits for its decoded frame without swapping image sources
ok 57 - first blink waits for its decoded frame without swapping image sources
  ---
  duration_ms: 0.702
  type: 'test'
  ...
# (node:49228) [MODULE_TYPELESS_PACKAGE_JSON] Warning: Module type of file:///C:/00.MIDAS/PROJECTS/28.%20HackApp.%202026/Finni%20App/src/persistence/app-control-sqlite.ts is not specified and it doesn't parse as CommonJS.
# Reparsing as ES module because module syntax was detected. This incurs a performance overhead.
# To eliminate this warning, add "type": "module" to C:\\00.MIDAS\\PROJECTS\\28. HackApp. 2026\\Finni App\\package.json.
# (Use `node --trace-warnings ...` to show where the warning was created)
# (node:49228) ExperimentalWarning: SQLite is an experimental feature and might change at any time
# Subtest: AN-016 motion and sound choices persist independently across restart
ok 58 - AN-016 motion and sound choices persist independently across restart
  ---
  duration_ms: 47.4061
  type: 'test'
  ...
# (node:54552) [MODULE_TYPELESS_PACKAGE_JSON] Warning: Module type of file:///C:/00.MIDAS/PROJECTS/28.%20HackApp.%202026/Finni%20App/src/ui/lesson-return.ts is not specified and it doesn't parse as CommonJS.
# Reparsing as ES module because module syntax was detected. This incurs a performance overhead.
# To eliminate this warning, add "type": "module" to C:\\00.MIDAS\\PROJECTS\\28. HackApp. 2026\\Finni App\\package.json.
# (Use `node --trace-warnings ...` to show where the warning was created)
# Subtest: all eight lessons return to the right day section without triggering an operation
ok 59 - all eight lessons return to the right day section without triggering an operation
  ---
  duration_ms: 2.4286
  type: 'test'
  ...
# Subtest: discovery copy reports saved choices for all mechanics without claiming mastery
ok 60 - discovery copy reports saved choices for all mechanics without claiming mastery
  ---
  duration_ms: 2.0697
  type: 'test'
  ...
# Subtest: repeat cycles through variants of one lesson and does not create a ninth topic
ok 61 - repeat cycles through variants of one lesson and does not create a ninth topic
  ---
  duration_ms: 0.5096
  type: 'test'
  ...
# (node:53840) [MODULE_TYPELESS_PACKAGE_JSON] Warning: Module type of file:///C:/00.MIDAS/PROJECTS/28.%20HackApp.%202026/Finni%20App/src/domain/lesson.ts is not specified and it doesn't parse as CommonJS.
# Reparsing as ES module because module syntax was detected. This incurs a performance overhead.
# To eliminate this warning, add "type": "module" to C:\\00.MIDAS\\PROJECTS\\28. HackApp. 2026\\Finni App\\package.json.
# (Use `node --trace-warnings ...` to show where the warning was created)
# Subtest: registry is extensible by mechanic and rejects accidental replacement
ok 62 - registry is extensible by mechanic and rejects accidental replacement
  ---
  duration_ms: 3.3973
  type: 'test'
  ...
# Subtest: hints do not change the answer, revision or confirm an attempt
ok 63 - hints do not change the answer, revision or confirm an attempt
  ---
  duration_ms: 3.1187
  type: 'test'
  ...
# Subtest: action flows through consequence, explanation and next step before completion
ok 64 - action flows through consequence, explanation and next step before completion
  ---
  duration_ms: 5.1352
  type: 'test'
  ...
# Subtest: reviewed unsuccessful outcome completes, invalid input never does
ok 65 - reviewed unsuccessful outcome completes, invalid input never does
  ---
  duration_ms: 1.1931
  type: 'test'
  ...
# Subtest: editing after evaluation invalidates both evaluation and explanation binding
ok 66 - editing after evaluation invalidates both evaluation and explanation binding
  ---
  duration_ms: 1.2764
  type: 'test'
  ...
# Subtest: reward eligibility is captured at start and cannot be upgraded later
ok 67 - reward eligibility is captured at start and cannot be upgraded later
  ---
  duration_ms: 0.5008
  type: 'test'
  ...
# Subtest: new variant starts with hidden hints even after the previous variant used L2
ok 68 - new variant starts with hidden hints even after the previous variant used L2
  ---
  duration_ms: 63.2436
  type: 'test'
  ...
# (node:51796) [MODULE_TYPELESS_PACKAGE_JSON] Warning: Module type of file:///C:/00.MIDAS/PROJECTS/28.%20HackApp.%202026/Finni%20App/src/application/learning-service.ts is not specified and it doesn't parse as CommonJS.
# Reparsing as ES module because module syntax was detected. This incurs a performance overhead.
# To eliminate this warning, add "type": "module" to C:\\00.MIDAS\\PROJECTS\\28. HackApp. 2026\\Finni App\\package.json.
# (Use `node --trace-warnings ...` to show where the warning was created)
# (node:51796) ExperimentalWarning: SQLite is an experimental feature and might change at any time
# Subtest: restart preserves current evaluation/explanation and replay returns one completion/reward
ok 69 - restart preserves current evaluation/explanation and replay returns one completion/reward
  ---
  duration_ms: 784.7137
  type: 'test'
  ...
# Subtest: concurrent completions persist both outcomes but grant exactly one reward
ok 70 - concurrent completions persist both outcomes but grant exactly one reward
  ---
  duration_ms: 438.8788
  type: 'test'
  ...
# Subtest: draft-start remains training after activation and active-start gets no reward after close
ok 71 - draft-start remains training after activation and active-start gets no reward after close
  ---
  duration_ms: 209.9261
  type: 'test'
  ...
# Subtest: waiting attempts are persisted as training and reviewed outcomes are explicit
ok 72 - waiting attempts are persisted as training and reviewed outcomes are explicit
  ---
  duration_ms: 69.6795
  type: 'test'
  ...
# Subtest: invalid input and stale evaluation cannot create completion or reward
ok 73 - invalid input and stale evaluation cannot create completion or reward
  ---
  duration_ms: 79.1528
  type: 'test'
  ...
# Subtest: completed discovery reloads pinned attempt and evaluation after restart without a new reward
ok 74 - completed discovery reloads pinned attempt and evaluation after restart without a new reward
  ---
  duration_ms: 66.1526
  type: 'test'
  ...
# (node:54336) [MODULE_TYPELESS_PACKAGE_JSON] Warning: Module type of file:///C:/00.MIDAS/PROJECTS/28.%20HackApp.%202026/Finni%20App/src/ui/lesson-renderer-registry.ts is not specified and it doesn't parse as CommonJS.
# Reparsing as ES module because module syntax was detected. This incurs a performance overhead.
# To eliminate this warning, add "type": "module" to C:\\00.MIDAS\\PROJECTS\\28. HackApp. 2026\\Finni App\\package.json.
# (Use `node --trace-warnings ...` to show where the warning was created)
# Subtest: renderer registry extends mechanics without changing LessonShell navigation
ok 75 - renderer registry extends mechanics without changing LessonShell navigation
  ---
  duration_ms: 5.2424
  type: 'test'
  ...
# Subtest: LessonShell exposes hints and the full action-to-next-step contract
ok 76 - LessonShell exposes hints and the full action-to-next-step contract
  ---
  duration_ms: 3.1689
  type: 'test'
  ...
# Subtest: needs-review result explicitly invites the child to edit and check again
ok 77 - needs-review result explicitly invites the child to edit and check again
  ---
  duration_ms: 0.8377
  type: 'test'
  ...
# Subtest: P03 offers the neutral seller line only after a checked receipt discrepancy
ok 78 - P03 offers the neutral seller line only after a checked receipt discrepancy
  ---
  duration_ms: 0.8355
  type: 'test'
  ...
# (node:38924) [MODULE_TYPELESS_PACKAGE_JSON] Warning: Module type of file:///C:/00.MIDAS/PROJECTS/28.%20HackApp.%202026/Finni%20App/src/application/learning-service.ts is not specified and it doesn't parse as CommonJS.
# Reparsing as ES module because module syntax was detected. This incurs a performance overhead.
# To eliminate this warning, add "type": "module" to C:\\00.MIDAS\\PROJECTS\\28. HackApp. 2026\\Finni App\\package.json.
# (Use `node --trace-warnings ...` to show where the warning was created)
# (node:38924) ExperimentalWarning: SQLite is an experimental feature and might change at any time
# Subtest: eight distinct lesson definitions share one period reward quota
ok 79 - eight distinct lesson definitions share one period reward quota
  ---
  duration_ms: 612.1078
  type: 'test'
  ...
# Subtest: draft solution, hints and pinned parameters survive restart without completion
ok 80 - draft solution, hints and pinned parameters survive restart without completion
  ---
  duration_ms: 226.0804
  type: 'test'
  ...
# Subtest: old evaluation and injected completion failure leave no partial reward state
ok 81 - old evaluation and injected completion failure leave no partial reward state
  ---
  duration_ms: 131.7388
  type: 'test'
  ...
# (node:14388) [MODULE_TYPELESS_PACKAGE_JSON] Warning: Module type of file:///C:/00.MIDAS/PROJECTS/28.%20HackApp.%202026/Finni%20App/src/application/index.ts is not specified and it doesn't parse as CommonJS.
# Reparsing as ES module because module syntax was detected. This incurs a performance overhead.
# To eliminate this warning, add "type": "module" to C:\\00.MIDAS\\PROJECTS\\28. HackApp. 2026\\Finni App\\package.json.
# (Use `node --trace-warnings ...` to show where the warning was created)
# Subtest: mode switches invalidate queued and round-trip sessions by monotonic epoch
ok 82 - mode switches invalidate queued and round-trip sessions by monotonic epoch
  ---
  duration_ms: 331.5413
  type: 'test'
  ...
# Subtest: pending admin intent deterministically resumes after interruption at every phase
    # Subtest: resume after PREPARED
    ok 1 - resume after PREPARED
      ---
      duration_ms: 937.9963
      type: 'test'
      ...
    # Subtest: resume after QUEUE_STOPPED
    ok 2 - resume after QUEUE_STOPPED
      ---
      duration_ms: 134.2382
      type: 'test'
      ...
    # Subtest: resume after CONNECTION_CLOSED
    ok 3 - resume after CONNECTION_CLOSED
      ---
      duration_ms: 108.5351
      type: 'test'
      ...
    # Subtest: resume after DATA_REMOVED
    ok 4 - resume after DATA_REMOVED
      ---
      duration_ms: 74.4586
      type: 'test'
      ...
    # Subtest: resume after UI_CLEARED
    ok 5 - resume after UI_CLEARED
      ---
      duration_ms: 109.0946
      type: 'test'
      ...
    # Subtest: resume after VERIFIED
    ok 6 - resume after VERIFIED
      ---
      duration_ms: 178.0943
      type: 'test'
      ...
    1..6
ok 83 - pending admin intent deterministically resumes after interruption at every phase
  ---
  duration_ms: 1547.4114
  type: 'test'
  ...
# (node:26384) [MODULE_TYPELESS_PACKAGE_JSON] Warning: Module type of file:///C:/00.MIDAS/PROJECTS/28.%20HackApp.%202026/Finni%20App/src/domain/index.ts is not specified and it doesn't parse as CommonJS.
# Reparsing as ES module because module syntax was detected. This incurs a performance overhead.
# To eliminate this warning, add "type": "module" to C:\\00.MIDAS\\PROJECTS\\28. HackApp. 2026\\Finni App\\package.json.
# (Use `node --trace-warnings ...` to show where the warning was created)
# (node:26384) ExperimentalWarning: SQLite is an experimental feature and might change at any time
# Subtest: NormalClock/VirtualClock and projected state use calendar rules
ok 84 - NormalClock/VirtualClock and projected state use calendar rules
  ---
  duration_ms: 70.2523
  type: 'test'
  ...
# Subtest: schema v1 migrates to lifecycle v2 without losing period clock/rule data
ok 85 - schema v1 migrates to lifecycle v2 without losing period clock/rule data
  ---
  duration_ms: 334.412
  type: 'test'
  ...
# Subtest: OpenPeriod rolls back period, income, revision and receipt together
ok 86 - OpenPeriod rolls back period, income, revision and receipt together
  ---
  duration_ms: 103.2006
  type: 'test'
  ...
# Subtest: normal restart, clock rollback and large forward jump never duplicate income
ok 87 - normal restart, clock rollback and large forward jump never duplicate income
  ---
  duration_ms: 98.222
  type: 'test'
  ...
# Subtest: five demo periods run without waiting and survive restart without touching normal
ok 88 - five demo periods run without waiting and survive restart without touching normal
  ---
  duration_ms: 185.8743
  type: 'test'
  ...
# Subtest: adult clock correction changes generation without income and blocks immediate reopening
ok 89 - adult clock correction changes generation without income and blocks immediate reopening
  ---
  duration_ms: 59.2538
  type: 'test'
  ...
# (node:51884) [MODULE_TYPELESS_PACKAGE_JSON] Warning: Module type of file:///C:/00.MIDAS/PROJECTS/28.%20HackApp.%202026/Finni%20App/src/domain/index.ts is not specified and it doesn't parse as CommonJS.
# Reparsing as ES module because module syntax was detected. This incurs a performance overhead.
# To eliminate this warning, add "type": "module" to C:\\00.MIDAS\\PROJECTS\\28. HackApp. 2026\\Finni App\\package.json.
# (Use `node --trace-warnings ...` to show where the warning was created)
# (node:51884) ExperimentalWarning: SQLite is an experimental feature and might change at any time
# Subtest: schema v4 migrates sequentially to v6 and survives restart
ok 90 - schema v4 migrates sequentially to v6 and survives restart
  ---
  duration_ms: 542.4465
  type: 'test'
  ...
# Subtest: ClosePeriod is atomic, receipt-first idempotent, restart-safe and neutral for an empty day
ok 91 - ClosePeriod is atomic, receipt-first idempotent, restart-safe and neutral for an empty day
  ---
  duration_ms: 105.5292
  type: 'test'
  ...
# Subtest: five closed periods apply high-water rules and reach stages 1 → 2 → 3
ok 92 - five closed periods apply high-water rules and reach stages 1 → 2 → 3
  ---
  duration_ms: 117.1037
  type: 'test'
  ...
# Subtest: goal claim preserves committed saving and historical overrun blocks only the plan point
ok 93 - goal claim preserves committed saving and historical overrun blocks only the plan point
  ---
  duration_ms: 53.1763
  type: 'test'
  ...
# Subtest: shared executor serializes repository facades and closes the database exactly once
ok 94 - shared executor serializes repository facades and closes the database exactly once
  ---
  duration_ms: 92.1588
  type: 'test'
  ...
# Subtest: period result UI wires close confirmation, saved summary and accessibility
ok 95 - period result UI wires close confirmation, saved summary and accessibility
  ---
  duration_ms: 2.9157
  type: 'test'
  ...
# (node:12148) [MODULE_TYPELESS_PACKAGE_JSON] Warning: Module type of file:///C:/00.MIDAS/PROJECTS/28.%20HackApp.%202026/Finni%20App/src/persistence/index.ts is not specified and it doesn't parse as CommonJS.
# Reparsing as ES module because module syntax was detected. This incurs a performance overhead.
# To eliminate this warning, add "type": "module" to C:\\00.MIDAS\\PROJECTS\\28. HackApp. 2026\\Finni App\\package.json.
# (Use `node --trace-warnings ...` to show where the warning was created)
# (node:12148) ExperimentalWarning: SQLite is an experimental feature and might change at any time
# Subtest: schema rejects unsafe Counter values and the transaction rolls back fully
ok 96 - schema rejects unsafe Counter values and the transaction rolls back fully
  ---
  duration_ms: 108.9734
  type: 'test'
  ...
# (node:44452) [MODULE_TYPELESS_PACKAGE_JSON] Warning: Module type of file:///C:/00.MIDAS/PROJECTS/28.%20HackApp.%202026/Finni%20App/src/domain/index.ts is not specified and it doesn't parse as CommonJS.
# Reparsing as ES module because module syntax was detected. This incurs a performance overhead.
# To eliminate this warning, add "type": "module" to C:\\00.MIDAS\\PROJECTS\\28. HackApp. 2026\\Finni App\\package.json.
# (Use `node --trace-warnings ...` to show where the warning was created)
# (node:44452) ExperimentalWarning: SQLite is an experimental feature and might change at any time
# Subtest: current schema migrates a real file transactionally and enforces CHECK/UNIQUE/FK
ok 97 - current schema migrates a real file transactionally and enforces CHECK/UNIQUE/FK
  ---
  duration_ms: 72.458
  type: 'test'
  ...
# Subtest: COMMIT, durable receipt replay, conflict, induced ROLLBACK and restart stay consistent
ok 98 - COMMIT, durable receipt replay, conflict, induced ROLLBACK and restart stay consistent
  ---
  duration_ms: 78.5144
  type: 'test'
  ...
# Subtest: database uniqueness is the final guard for income/reward and rolls back projections
ok 99 - database uniqueness is the final guard for income/reward and rolls back projections
  ---
  duration_ms: 46.2385
  type: 'test'
  ...
# Subtest: RepositoryExecutor serializes concurrent commands on one connection
ok 100 - RepositoryExecutor serializes concurrent commands on one connection
  ---
  duration_ms: 49.8842
  type: 'test'
  ...
# Subtest: normal/demo use distinct database files and reject cross-mode commands
ok 101 - normal/demo use distinct database files and reject cross-mode commands
  ---
  duration_ms: 161.0323
  type: 'test'
  ...
# (node:44004) [MODULE_TYPELESS_PACKAGE_JSON] Warning: Module type of file:///C:/00.MIDAS/PROJECTS/28.%20HackApp.%202026/Finni%20App/src/domain/pet-profile.ts is not specified and it doesn't parse as CommonJS.
# Reparsing as ES module because module syntax was detected. This incurs a performance overhead.
# To eliminate this warning, add "type": "module" to C:\\00.MIDAS\\PROJECTS\\28. HackApp. 2026\\Finni App\\package.json.
# (Use `node --trace-warnings ...` to show where the warning was created)
# (node:44004) ExperimentalWarning: SQLite is an experimental feature and might change at any time
# Subtest: onboarding exposes exactly nine distinct pet combinations
ok 102 - onboarding exposes exactly nine distinct pet combinations
  ---
  duration_ms: 2.1847
  type: 'test'
  ...
# Subtest: pet name normalization and validation share the 2–16 code point contract
ok 103 - pet name normalization and validation share the 2–16 code point contract
  ---
  duration_ms: 1.2718
  type: 'test'
  ...
# Subtest: loading, error and onboarding component models are finite and actionable
ok 104 - loading, error and onboarding component models are finite and actionable
  ---
  duration_ms: 2.7444
  type: 'test'
  ...
# Subtest: home component model shows all summary data and unlocks routes by state
ok 105 - home component model shows all summary data and unlocks routes by state
  ---
  duration_ms: 1.3765
  type: 'test'
  ...
# Subtest: home responsive layout keeps money and CTA before the scene at enlarged text
ok 106 - home responsive layout keeps money and CTA before the scene at enlarged text
  ---
  duration_ms: 1.832
  type: 'test'
  ...
# Subtest: profile creation is single, update keeps identity, and restart restores a second combination
ok 107 - profile creation is single, update keeps identity, and restart restores a second combination
  ---
  duration_ms: 171.8278
  type: 'test'
  ...
# Subtest: compact home source keeps safe-area padding, scroll fallback and 48 dp interaction targets
ok 108 - compact home source keeps safe-area padding, scroll fallback and 48 dp interaction targets
  ---
  duration_ms: 2.3982
  type: 'test'
  ...
# (node:51580) [MODULE_TYPELESS_PACKAGE_JSON] Warning: Module type of file:///C:/00.MIDAS/PROJECTS/28.%20HackApp.%202026/Finni%20App/src/application/learning-service.ts is not specified and it doesn't parse as CommonJS.
# Reparsing as ES module because module syntax was detected. This incurs a performance overhead.
# To eliminate this warning, add "type": "module" to C:\\00.MIDAS\\PROJECTS\\28. HackApp. 2026\\Finni App\\package.json.
# (Use `node --trace-warnings ...` to show where the warning was created)
# (node:51580) ExperimentalWarning: SQLite is an experimental feature and might change at any time
# Subtest: P03 detects either duplicate, accepts a correct receipt, and explains incorrect change
ok 109 - P03 detects either duplicate, accepts a correct receipt, and explains incorrect change
  ---
  duration_ms: 7.3689
  type: 'test'
  ...
# Subtest: B03 prices owned materials and common budget; handmade is not always cheaper
ok 110 - B03 prices owned materials and common budget; handmade is not always cheaper
  ---
  duration_ms: 2.5328
  type: 'test'
  ...
# Subtest: P03 and B03 training completions create no financial ledger entry
ok 111 - P03 and B03 training completions create no financial ledger entry
  ---
  duration_ms: 106.8585
  type: 'test'
  ...
# Subtest: P03 renderer offers independent basket, selectable receipt lines and editable total/change
ok 112 - P03 renderer offers independent basket, selectable receipt lines and editable total/change
  ---
  duration_ms: 2.2417
  type: 'test'
  ...
# Subtest: B03 renderer presents both costs, owned materials and common plan without commerce commands
ok 113 - B03 renderer presents both costs, owned materials and common plan without commerce commands
  ---
  duration_ms: 1.5082
  type: 'test'
  ...
# Subtest: room asset package covers the implemented purchase and goal IDs exactly
ok 114 - room asset package covers the implemented purchase and goal IDs exactly
  ---
  duration_ms: 14.3839
  type: 'test'
  ...
# Subtest: all local PNG bindings have matching hashes and valid PNG signatures
ok 115 - all local PNG bindings have matching hashes and valid PNG signatures
  ---
  duration_ms: 114.9887
  type: 'test'
  ...
# Subtest: catalog thumbnails come from hashed imagegen masters with RGBA 192px exports
ok 116 - catalog thumbnails come from hashed imagegen masters with RGBA 192px exports
  ---
  duration_ms: 219.0484
  type: 'test'
  ...
# (node:45812) [MODULE_TYPELESS_PACKAGE_JSON] Warning: Module type of file:///C:/00.MIDAS/PROJECTS/28.%20HackApp.%202026/Finni%20App/src/domain/index.ts is not specified and it doesn't parse as CommonJS.
# Reparsing as ES module because module syntax was detected. This incurs a performance overhead.
# To eliminate this warning, add "type": "module" to C:\\00.MIDAS\\PROJECTS\\28. HackApp. 2026\\Finni App\\package.json.
# (Use `node --trace-warnings ...` to show where the warning was created)
# (node:45812) ExperimentalWarning: SQLite is an experimental feature and might change at any time
# Subtest: deposit and confirmed withdrawal conserve funds and produce ordered history
ok 117 - deposit and confirmed withdrawal conserve funds and produce ordered history
  ---
  duration_ms: 100.6884
  type: 'test'
  ...
# Subtest: goal change preserves savings; claim keeps surplus and survives replay and restart
ok 118 - goal change preserves savings; claim keeps surplus and survives replay and restart
  ---
  duration_ms: 99.4731
  type: 'test'
  ...
# Subtest: concurrent transfers with one revision commit at most once
ok 119 - concurrent transfers with one revision commit at most once
  ---
  duration_ms: 45.848
  type: 'test'
  ...
# Subtest: runtime boundary and accessible savings/history screens are wired
ok 120 - runtime boundary and accessible savings/history screens are wired
  ---
  duration_ms: 2.6487
  type: 'test'
  ...
# (node:42552) [MODULE_TYPELESS_PACKAGE_JSON] Warning: Module type of file:///C:/00.MIDAS/PROJECTS/28.%20HackApp.%202026/Finni%20App/src/domain/savings-lesson.ts is not specified and it doesn't parse as CommonJS.
# Reparsing as ES module because module syntax was detected. This incurs a performance overhead.
# To eliminate this warning, add "type": "module" to C:\\00.MIDAS\\PROJECTS\\28. HackApp. 2026\\Finni App\\package.json.
# (Use `node --trace-warnings ...` to show where the warning was created)
# Subtest: S01 accepts flexible integer deposits and preserves an over-goal forecast
ok 121 - S01 accepts flexible integer deposits and preserves an over-goal forecast
  ---
  duration_ms: 4.4675
  type: 'test'
  ...
# Subtest: S01 shows the remaining amount and rejects invalid day deposits
ok 122 - S01 shows the remaining amount and rejects invalid day deposits
  ---
  duration_ms: 0.5879
  type: 'test'
  ...
# Subtest: S02 preview calculates purchase and postponement without a money command
ok 123 - S02 preview calculates purchase and postponement without a money command
  ---
  duration_ms: 1.1364
  type: 'test'
  ...
# Subtest: S02 blocks an unfunded purchase and malformed withdrawals
ok 124 - S02 blocks an unfunded purchase and malformed withdrawals
  ---
  duration_ms: 0.4506
  type: 'test'
  ...
# Subtest: savings renderer exposes both canonical SRS scenarios and a non-mutating preview
ok 125 - savings renderer exposes both canonical SRS scenarios and a non-mutating preview
  ---
  duration_ms: 1.7555
  type: 'test'
  ...
# Subtest: S02 requires an explicit choice before evaluating a withdrawal
ok 126 - S02 requires an explicit choice before evaluating a withdrawal
  ---
  duration_ms: 0.4608
  type: 'test'
  ...
1..126
# tests 132
# suites 0
# pass 132
# fail 0
# cancelled 0
# skipped 0
# todo 0
# duration_ms 4841.3084

> finni@0.1.0 content
> node scripts/check-content.mjs && node scripts/validate-content.mjs

Контент bootstrap валиден.
(node:54436) [MODULE_TYPELESS_PACKAGE_JSON] Warning: Module type of file:///C:/00.MIDAS/PROJECTS/28.%20HackApp.%202026/Finni%20App/src/content/validator.ts is not specified and it doesn't parse as CommonJS.
Reparsing as ES module because module syntax was detected. This incurs a performance overhead.
To eliminate this warning, add "type": "module" to C:\00.MIDAS\PROJECTS\28. HackApp. 2026\Finni App\package.json.
(Use `node --trace-warnings ...` to show where the warning was created)
Content 1.2.0: 8 lessons, 3 family activities, 7 negative fixtures — valid.

> finni@0.1.0 fixtures
> node scripts/check-fixtures.mjs

Fixtures bootstrap, economy-v2 и demo lifecycle валидны.
