TAP version 13
# (node:50328) [MODULE_TYPELESS_PACKAGE_JSON] Warning: Module type of file:///C:/00.MIDAS/PROJECTS/28.%20HackApp.%202026/Finni%20App/src/domain/pet-profile.ts is not specified and it doesn't parse as CommonJS.
# Reparsing as ES module because module syntax was detected. This incurs a performance overhead.
# To eliminate this warning, add "type": "module" to C:\\00.MIDAS\\PROJECTS\\28. HackApp. 2026\\Finni App\\package.json.
# (Use `node --trace-warnings ...` to show where the warning was created)
# Subtest: all nine domain combinations resolve to their own rendered artwork
ok 1 - all nine domain combinations resolve to their own rendered artwork
  ---
  duration_ms: 2.0265
  type: 'test'
  ...
# Subtest: accepted spotted frames and nine source layers have verified local PNG hashes
ok 2 - accepted spotted frames and nine source layers have verified local PNG hashes
  ---
  duration_ms: 71.5414
  type: 'test'
  ...
# Subtest: matrix package supplies eighteen unique frames and matching source hashes
ok 3 - matrix package supplies eighteen unique frames and matching source hashes
  ---
  duration_ms: 1012.8555
  type: 'test'
  ...
# (node:3024) [MODULE_TYPELESS_PACKAGE_JSON] Warning: Module type of file:///C:/00.MIDAS/PROJECTS/28.%20HackApp.%202026/Finni%20App/src/ui/finni-layer-contract.ts is not specified and it doesn't parse as CommonJS.
# Reparsing as ES module because module syntax was detected. This incurs a performance overhead.
# To eliminate this warning, add "type": "module" to C:\\00.MIDAS\\PROJECTS\\28. HackApp. 2026\\Finni App\\package.json.
# (Use `node --trace-warnings ...` to show where the warning was created)
# Subtest: default app has one production root and no 3D diagnostic route
ok 4 - default app has one production root and no 3D diagnostic route
  ---
  duration_ms: 1.6712
  type: 'test'
  ...
# Subtest: production master copies match accepted S7-004 hashes
ok 5 - production master copies match accepted S7-004 hashes
  ---
  duration_ms: 17.6577
  type: 'test'
  ...
# Subtest: Home scene is local, lifecycle-aware, reduced-motion safe and bounded
ok 6 - Home scene is local, lifecycle-aware, reduced-motion safe and bounded
  ---
  duration_ms: 0.6313
  type: 'test'
  ...
# Subtest: three stage frames preserve the same room floor contact
ok 7 - three stage frames preserve the same room floor contact
  ---
  duration_ms: 1.2344
  type: 'test'
  ...
# Subtest: first blink waits for its decoded frame without swapping image sources
ok 8 - first blink waits for its decoded frame without swapping image sources
  ---
  duration_ms: 0.2681
  type: 'test'
  ...
1..8
# tests 8
# suites 0
# pass 8
# fail 0
# cancelled 0
# skipped 0
# todo 0
# duration_ms 1314.7224
