normal-360-1 PASS
normal-360-1.5 PASS
normal-360-2 PASS
normal-390-1 PASS
normal-390-1.5 PASS
normal-390-2 PASS
normal-412-1 PASS
normal-412-1.5 PASS
normal-412-2 PASS
stress-360-1 PASS
stress-360-1.5 PASS
stress-360-2 PASS
stress-390-1 PASS
stress-390-1.5 PASS
stress-390-2 PASS
stress-412-1 PASS
stress-412-1.5 PASS
stress-412-2 PASS
DRAFT-360-1 PASS
DRAFT-360-1.5 PASS
DRAFT-360-2 PASS
READY-360-1 PASS
READY-360-1.5 PASS
READY-360-2 PASS
WAITING-360-1 PASS
WAITING-360-1.5 PASS
WAITING-360-2 PASS
empty-1 PASS
empty-1.5 PASS
empty-2 PASS
boundary-1.19-False PASS
boundary-1.2-False [{"tabs": 0}, {"selected": []}]
boundary-1.19-True PASS
boundary-1.2-True [{"tabs": 0}, {"selected": []}]
appearance-pointy-plain-1 PASS
appearance-pointy-plain-2 PASS
appearance-pointy-plain-3 PASS
portrait-pointy-plain PASS
appearance-pointy-spots-1 PASS
appearance-pointy-spots-2 PASS
appearance-pointy-spots-3 PASS
portrait-pointy-spots PASS
appearance-pointy-stripes-1 PASS
appearance-pointy-stripes-2 PASS
appearance-pointy-stripes-3 PASS
portrait-pointy-stripes PASS
appearance-round-plain-1 PASS
appearance-round-plain-2 PASS
appearance-round-plain-3 PASS
portrait-round-plain PASS
appearance-round-spots-1 PASS
appearance-round-spots-2 PASS
appearance-round-spots-3 PASS
portrait-round-spots PASS
appearance-round-stripes-1 PASS
appearance-round-stripes-2 PASS
appearance-round-stripes-3 PASS
portrait-round-stripes PASS
appearance-floppy-plain-1 PASS
appearance-floppy-plain-2 PASS
appearance-floppy-plain-3 PASS
portrait-floppy-plain PASS
appearance-floppy-spots-1 PASS
appearance-floppy-spots-2 PASS
appearance-floppy-spots-3 PASS
portrait-floppy-spots PASS
appearance-floppy-stripes-1 PASS
appearance-floppy-stripes-2 PASS
appearance-floppy-stripes-3 PASS
portrait-floppy-stripes PASS
short-stage1 PASS
short-stage3 PASS
goal-GL-01-1 PASS
goal-GL-01-2 PASS
goal-GL-02-1 PASS
goal-GL-02-2 PASS
Traceback (most recent call last):
  File "C:\00.MIDAS\PROJECTS\28. HackApp. 2026\Finni App\artifacts\sprint-9\S9-001-navigation\native-matrix.py", line 91, in <module>
    assert not any(r['issues'] for r in results),[(r['case'],r['issues']) for r in results if r['issues']]
AssertionError: [('boundary-1.2-False', [{'tabs': 0}, {'selected': []}]), ('boundary-1.2-True', [{'tabs': 0}, {'selected': []}])]
