TAP version 13
# (node:45400) [MODULE_TYPELESS_PACKAGE_JSON] Warning: Module type of file:///C:/00.MIDAS/PROJECTS/28.%20HackApp.%202026/Finni%20App/src/domain/pet-profile.ts is not specified and it doesn't parse as CommonJS.
# Reparsing as ES module because module syntax was detected. This incurs a performance overhead.
# To eliminate this warning, add "type": "module" to C:\\00.MIDAS\\PROJECTS\\28. HackApp. 2026\\Finni App\\package.json.
# (Use `node --trace-warnings ...` to show where the warning was created)
# Subtest: all nine domain combinations resolve to their own rendered artwork
ok 1 - all nine domain combinations resolve to their own rendered artwork
  ---
  duration_ms: 1.4701
  type: 'test'
  ...
# Subtest: accepted spotted frames and nine source layers have verified local PNG hashes
ok 2 - accepted spotted frames and nine source layers have verified local PNG hashes
  ---
  duration_ms: 69.2312
  type: 'test'
  ...
# Subtest: matrix package supplies eighteen unique frames and matching source hashes
ok 3 - matrix package supplies eighteen unique frames and matching source hashes
  ---
  duration_ms: 1004.2577
  type: 'test'
  ...
1..3
# tests 3
# suites 0
# pass 3
# fail 0
# cancelled 0
# skipped 0
# todo 0
# duration_ms 1305.7454
