
> finni@0.1.0 verify
> npm run lint && npm run typecheck && npm run test && npm run content && npm run fixtures


> finni@0.1.0 lint
> eslint . --max-warnings=0


> finni@0.1.0 typecheck
> tsc --noEmit


> finni@0.1.0 test
> node --test tests/*.test.mjs

TAP version 13
# (node:41900) [MODULE_TYPELESS_PACKAGE_JSON] Warning: Module type of file:///C:/00.MIDAS/PROJECTS/28.%20HackApp.%202026/Finni%20App/src/application/index.ts is not specified and it doesn't parse as CommonJS.
# Reparsing as ES module because module syntax was detected. This incurs a performance overhead.
# To eliminate this warning, add "type": "module" to C:\\00.MIDAS\\PROJECTS\\28. HackApp. 2026\\Finni App\\package.json.
# (Use `node --trace-warnings ...` to show where the warning was created)
# (node:41900) ExperimentalWarning: SQLite is an experimental feature and might change at any time
# Subtest: TC-071/169 adult access is memory-only, deliberate and relocks on idle/background
ok 1 - TC-071/169 adult access is memory-only, deliberate and relocks on idle/background
  ---
  duration_ms: 4.8339
  type: 'test'
  ...
# Subtest: TC-173 control database serializes CAS and survives file-backed restart
ok 2 - TC-173 control database serializes CAS and survives file-backed restart
  ---
  duration_ms: 39.1541
  type: 'test'
  ...
# Subtest: History and Help expose factual child-safe content and return contract
ok 3 - History and Help expose factual child-safe content and return contract
  ---
  duration_ms: 1.6385
  type: 'test'
  ...
# Subtest: Adult UI and AppRoot enforce gate, relock and coordinator-only runtime actions
ok 4 - Adult UI and AppRoot enforce gate, relock and coordinator-only runtime actions
  ---
  duration_ms: 1.4536
  type: 'test'
  ...
# Subtest: Production adapters use dedicated control DB and known-name idempotent delete semantics
ok 5 - Production adapters use dedicated control DB and known-name idempotent delete semantics
  ---
  duration_ms: 1.2162
  type: 'test'
  ...
# Subtest: Android release contract targets package and portrait orientation
ok 6 - Android release contract targets package and portrait orientation
  ---
  duration_ms: 1.7194
  type: 'test'
  ...
# Subtest: API 26 is declared through expo-build-properties
ok 7 - API 26 is declared through expo-build-properties
  ---
  duration_ms: 0.661
  type: 'test'
  ...
# Subtest: release build requires external signing and has no debug fallback
ok 8 - release build requires external signing and has no debug fallback
  ---
  duration_ms: 0.6811
  type: 'test'
  ...
# Subtest: Babel config uses only the Expo preset and no superseded native renderer plugin
ok 9 - Babel config uses only the Expo preset and no superseded native renderer plugin
  ---
  duration_ms: 0.4895
  type: 'test'
  ...
# Subtest: release build clears only the generated app CMake cache before Gradle clean
ok 10 - release build clears only the generated app CMake cache before Gradle clean
  ---
  duration_ms: 0.5879
  type: 'test'
  ...
# Subtest: budget plan component wires draft, confirmation and additional-income states
ok 11 - budget plan component wires draft, confirmation and additional-income states
  ---
  duration_ms: 6.6537
  type: 'test'
  ...
# (node:46416) [MODULE_TYPELESS_PACKAGE_JSON] Warning: Module type of file:///C:/00.MIDAS/PROJECTS/28.%20HackApp.%202026/Finni%20App/src/application/budget-plan-model.ts is not specified and it doesn't parse as CommonJS.
# Reparsing as ES module because module syntax was detected. This incurs a performance overhead.
# To eliminate this warning, add "type": "module" to C:\\00.MIDAS\\PROJECTS\\28. HackApp. 2026\\Finni App\\package.json.
# (Use `node --trace-warnings ...` to show where the warning was created)
# (node:46416) ExperimentalWarning: SQLite is an experimental feature and might change at any time
# Subtest: plan draft and additional-income component models validate exact integer input
ok 12 - plan draft and additional-income component models validate exact integer input
  ---
  duration_ms: 3.713
  type: 'test'
  ...
# Subtest: confirm and additions are atomic, idempotent and survive a file-backed restart
ok 13 - confirm and additions are atomic, idempotent and survive a file-backed restart
  ---
  duration_ms: 292.2939
  type: 'test'
  ...
# (node:47060) [MODULE_TYPELESS_PACKAGE_JSON] Warning: Module type of file:///C:/00.MIDAS/PROJECTS/28.%20HackApp.%202026/Finni%20App/src/lessons/budget-purchase-lessons.ts is not specified and it doesn't parse as CommonJS.
# Reparsing as ES module because module syntax was detected. This incurs a performance overhead.
# To eliminate this warning, add "type": "module" to C:\\00.MIDAS\\PROJECTS\\28. HackApp. 2026\\Finni App\\package.json.
# (Use `node --trace-warnings ...` to show where the warning was created)
# Subtest: B01 and B02 use the schema-v3 allocation parameters
ok 14 - B01 and B02 use the schema-v3 allocation parameters
  ---
  duration_ms: 55.5155
  type: 'test'
  ...
# Subtest: P01 accepts canonical package counts and never performs a wallet write
ok 15 - P01 accepts canonical package counts and never performs a wallet write
  ---
  duration_ms: 4.5836
  type: 'test'
  ...
# Subtest: P02 detects invalid competing offers and a more expensive equal coverage alternative
ok 16 - P02 detects invalid competing offers and a more expensive equal coverage alternative
  ---
  duration_ms: 0.9297
  type: 'test'
  ...
# Subtest: B02 starts from the visible 40/40/20 draft and accepts only an edited plan
ok 17 - B02 starts from the visible 40/40/20 draft and accepts only an edited plan
  ---
  duration_ms: 1.0245
  type: 'test'
  ...
# Subtest: P02 explains exact prices, quantities and leftovers in both pencil variants
ok 18 - P02 explains exact prices, quantities and leftovers in both pencil variants
  ---
  duration_ms: 1.1113
  type: 'test'
  ...
# Subtest: allocation and basket renderers expose canonical editable learning actions
ok 19 - allocation and basket renderers expose canonical editable learning actions
  ---
  duration_ms: 2.4536
  type: 'test'
  ...
# Subtest: pinned content definitions route all eight demo lessons through LessonShell
ok 20 - pinned content definitions route all eight demo lessons through LessonShell
  ---
  duration_ms: 3.4393
  type: 'test'
  ...
# (node:44700) [MODULE_TYPELESS_PACKAGE_JSON] Warning: Module type of file:///C:/00.MIDAS/PROJECTS/28.%20HackApp.%202026/Finni%20App/src/domain/index.ts is not specified and it doesn't parse as CommonJS.
# Reparsing as ES module because module syntax was detected. This incurs a performance overhead.
# To eliminate this warning, add "type": "module" to C:\\00.MIDAS\\PROJECTS\\28. HackApp. 2026\\Finni App\\package.json.
# (Use `node --trace-warnings ...` to show where the warning was created)
# (node:44700) ExperimentalWarning: SQLite is an experimental feature and might change at any time
# Subtest: catalog purchase previews funds and persists one immutable receipt/ledger row
ok 21 - catalog purchase previews funds and persists one immutable receipt/ledger row
  ---
  duration_ms: 70.0828
  type: 'test'
  ...
# Subtest: insufficient purchase changes neither projection nor history
ok 22 - insufficient purchase changes neither projection nor history
  ---
  duration_ms: 75.8121
  type: 'test'
  ...
# (node:46740) [MODULE_TYPELESS_PACKAGE_JSON] Warning: Module type of file:///C:/00.MIDAS/PROJECTS/28.%20HackApp.%202026/Finni%20App/src/domain/lesson.ts is not specified and it doesn't parse as CommonJS.
# Reparsing as ES module because module syntax was detected. This incurs a performance overhead.
# To eliminate this warning, add "type": "module" to C:\\00.MIDAS\\PROJECTS\\28. HackApp. 2026\\Finni App\\package.json.
# (Use `node --trace-warnings ...` to show where the warning was created)
# Subtest: actual lesson evaluator registry matches every canonical fixture for the eight runnable lessons
ok 23 - actual lesson evaluator registry matches every canonical fixture for the eight runnable lessons
  ---
  duration_ms: 201.915
  type: 'test'
  ...
# (node:44492) [MODULE_TYPELESS_PACKAGE_JSON] Warning: Module type of file:///C:/00.MIDAS/PROJECTS/28.%20HackApp.%202026/Finni%20App/src/content/loader.ts is not specified and it doesn't parse as CommonJS.
# Reparsing as ES module because module syntax was detected. This incurs a performance overhead.
# To eliminate this warning, add "type": "module" to C:\\00.MIDAS\\PROJECTS\\28. HackApp. 2026\\Finni App\\package.json.
# (Use `node --trace-warnings ...` to show where the warning was created)
# Subtest: canonical manifest loads exactly eight strict schema-v3 lessons
ok 24 - canonical manifest loads exactly eight strict schema-v3 lessons
  ---
  duration_ms: 116.3192
  type: 'test'
  ...
# Subtest: attempt definition is an immutable version/variant snapshot
ok 25 - attempt definition is an immutable version/variant snapshot
  ---
  duration_ms: 370.7505
  type: 'test'
  ...
# Subtest: manifest rejects broken links and dependency cycles
ok 26 - manifest rejects broken links and dependency cycles
  ---
  duration_ms: 398.4116
  type: 'test'
  ...
# Subtest: lesson schema rejects non-canonical semver, URLs, unknown fields and fixture contradictions
ok 27 - lesson schema rejects non-canonical semver, URLs, unknown fields and fixture contradictions
  ---
  duration_ms: 49.0471
  type: 'test'
  ...
# Subtest: basket minimum excludes impossible simultaneous alternative-group offers
ok 28 - basket minimum excludes impossible simultaneous alternative-group offers
  ---
  duration_ms: 42.3585
  type: 'test'
  ...
# Subtest: demo variants pin P02, P03 and B03 without increasing the eight-topic manifest
ok 29 - demo variants pin P02, P03 and B03 without increasing the eight-topic manifest
  ---
  duration_ms: 445.0182
  type: 'test'
  ...
# (node:44876) [MODULE_TYPELESS_PACKAGE_JSON] Warning: Module type of file:///C:/00.MIDAS/PROJECTS/28.%20HackApp.%202026/Finni%20App/src/domain/index.ts is not specified and it doesn't parse as CommonJS.
# Reparsing as ES module because module syntax was detected. This incurs a performance overhead.
# To eliminate this warning, add "type": "module" to C:\\00.MIDAS\\PROJECTS\\28. HackApp. 2026\\Finni App\\package.json.
# (Use `node --trace-warnings ...` to show where the warning was created)
# (node:44876) ExperimentalWarning: SQLite is an experimental feature and might change at any time
# Subtest: file-backed crash boundaries rollback before/after receipt and replay after lost COMMIT response
ok 30 - file-backed crash boundaries rollback before/after receipt and replay after lost COMMIT response
  ---
  duration_ms: 96.9799
  type: 'test'
  ...
# Subtest: v4 fixture survives injected v5 migration failure and unsupported newer schema is never reset
ok 31 - v4 fixture survives injected v5 migration failure and unsupported newer schema is never reset
  ---
  duration_ms: 978.6755
  type: 'test'
  ...
# Subtest: real S2 commands reconcile the complete ledger and projections after close and restart
ok 32 - real S2 commands reconcile the complete ledger and projections after close and restart
  ---
  duration_ms: 334.8236
  type: 'test'
  ...
# (node:5824) [MODULE_TYPELESS_PACKAGE_JSON] Warning: Module type of file:///C:/00.MIDAS/PROJECTS/28.%20HackApp.%202026/Finni%20App/src/domain/index.ts is not specified and it doesn't parse as CommonJS.
# Reparsing as ES module because module syntax was detected. This incurs a performance overhead.
# To eliminate this warning, add "type": "module" to C:\\00.MIDAS\\PROJECTS\\28. HackApp. 2026\\Finni App\\package.json.
# (Use `node --trace-warnings ...` to show where the warning was created)
# Subtest: SRS 19.1 fixture reaches B40/S30, growth 13 and stage three
ok 33 - SRS 19.1 fixture reaches B40/S30, growth 13 and stage three
  ---
  duration_ms: 6.0189
  type: 'test'
  ...
# Subtest: SRS 19.7 fixture keeps the audited counterexamples explicit
ok 34 - SRS 19.7 fixture keeps the audited counterexamples explicit
  ---
  duration_ms: 0.401
  type: 'test'
  ...
# (node:36920) [MODULE_TYPELESS_PACKAGE_JSON] Warning: Module type of file:///C:/00.MIDAS/PROJECTS/28.%20HackApp.%202026/Finni%20App/src/domain/index.ts is not specified and it doesn't parse as CommonJS.
# Reparsing as ES module because module syntax was detected. This incurs a performance overhead.
# To eliminate this warning, add "type": "module" to C:\\00.MIDAS\\PROJECTS\\28. HackApp. 2026\\Finni App\\package.json.
# (Use `node --trace-warnings ...` to show where the warning was created)
# Subtest: Amount projection overflow rejects the whole calculation as NUMERIC_LIMIT
ok 35 - Amount projection overflow rejects the whole calculation as NUMERIC_LIMIT
  ---
  duration_ms: 3.5635
  type: 'test'
  ...
# (node:23172) [MODULE_TYPELESS_PACKAGE_JSON] Warning: Module type of file:///C:/00.MIDAS/PROJECTS/28.%20HackApp.%202026/Finni%20App/src/domain/index.ts is not specified and it doesn't parse as CommonJS.
# Reparsing as ES module because module syntax was detected. This incurs a performance overhead.
# To eliminate this warning, add "type": "module" to C:\\00.MIDAS\\PROJECTS\\28. HackApp. 2026\\Finni App\\package.json.
# (Use `node --trace-warnings ...` to show where the warning was created)
# Subtest: numeric contracts enforce Amount, Delta, Counter and NetFlow boundaries
ok 36 - numeric contracts enforce Amount, Delta, Counter and NetFlow boundaries
  ---
  duration_ms: 5.4821
  type: 'test'
  ...
# Subtest: TC-005/006: period income is exactly 100 and repeated decisions are deterministic
ok 37 - TC-005/006: period income is exactly 100 and repeated decisions are deterministic
  ---
  duration_ms: 2.6734
  type: 'test'
  ...
# Subtest: TC-007–013: plan validation, immutability and reward separation
ok 38 - TC-007–013: plan validation, immutability and reward separation
  ---
  duration_ms: 2.8369
  type: 'test'
  ...
# Subtest: balance formula preserves B+S and rejects insufficient projections
ok 39 - balance formula preserves B+S and rejects insufficient projections
  ---
  duration_ms: 1.7791
  type: 'test'
  ...
# Subtest: TC-153–158: additions use reward quota, preserve overruns and preconditions
ok 40 - TC-153–158: additions use reward quota, preserve overruns and preconditions
  ---
  duration_ms: 3.3902
  type: 'test'
  ...
# Subtest: TC-157 boundary: canonical identity is stable across restart metadata
ok 41 - TC-157 boundary: canonical identity is stable across restart metadata
  ---
  duration_ms: 0.9574
  type: 'test'
  ...
# Subtest: TC-159–164: high-water blocks repeated savings credit and allows signed flow
ok 42 - TC-159–164: high-water blocks repeated savings credit and allows signed flow
  ---
  duration_ms: 2.2074
  type: 'test'
  ...
# Subtest: domain source imports neither React nor SQLite
ok 43 - domain source imports neither React nor SQLite
  ---
  duration_ms: 9.8668
  type: 'test'
  ...
# (node:43808) [MODULE_TYPELESS_PACKAGE_JSON] Warning: Module type of file:///C:/00.MIDAS/PROJECTS/28.%20HackApp.%202026/Finni%20App/src/ui/finni-animation-set.ts is not specified and it doesn't parse as CommonJS.
# Reparsing as ES module because module syntax was detected. This incurs a performance overhead.
# To eliminate this warning, add "type": "module" to C:\\00.MIDAS\\PROJECTS\\28. HackApp. 2026\\Finni App\\package.json.
# (Use `node --trace-warnings ...` to show where the warning was created)
# Subtest: AN-001–014 have bounded recipes, static poses and skippable milestones
ok 44 - AN-001–014 have bounded recipes, static poses and skippable milestones
  ---
  duration_ms: 3.8465
  type: 'test'
  ...
# Subtest: result replaces optional reaction; background cannot interrupt result
ok 45 - result replaces optional reaction; background cannot interrupt result
  ---
  duration_ms: 0.9344
  type: 'test'
  ...
# Subtest: rapid taps keep at most one optional reaction and stale completion cannot end replacement
ok 46 - rapid taps keep at most one optional reaction and stale completion cannot end replacement
  ---
  duration_ms: 0.7746
  type: 'test'
  ...
# Subtest: goal and stage skip display committed presentation and invalidate old timer
ok 47 - goal and stage skip display committed presentation and invalidate old timer
  ---
  duration_ms: 0.5059
  type: 'test'
  ...
# Subtest: modal, leave and profile change cancel effects without mutating committed presentation
ok 48 - modal, leave and profile change cancel effects without mutating committed presentation
  ---
  duration_ms: 0.59
  type: 'test'
  ...
# Subtest: motion, system preference and sound are independent of committed state
ok 49 - motion, system preference and sound are independent of committed state
  ---
  duration_ms: 0.4596
  type: 'test'
  ...
# (node:45892) [MODULE_TYPELESS_PACKAGE_JSON] Warning: Module type of file:///C:/00.MIDAS/PROJECTS/28.%20HackApp.%202026/Finni%20App/src/domain/pet-profile.ts is not specified and it doesn't parse as CommonJS.
# Reparsing as ES module because module syntax was detected. This incurs a performance overhead.
# To eliminate this warning, add "type": "module" to C:\\00.MIDAS\\PROJECTS\\28. HackApp. 2026\\Finni App\\package.json.
# (Use `node --trace-warnings ...` to show where the warning was created)
# Subtest: all nine domain combinations resolve to their own rendered artwork
ok 50 - all nine domain combinations resolve to their own rendered artwork
  ---
  duration_ms: 2.2871
  type: 'test'
  ...
# Subtest: accepted spotted frames and nine source layers have verified local PNG hashes
ok 51 - accepted spotted frames and nine source layers have verified local PNG hashes
  ---
  duration_ms: 211.4101
  type: 'test'
  ...
# Subtest: matrix package supplies eighteen unique frames and matching source hashes
ok 52 - matrix package supplies eighteen unique frames and matching source hashes
  ---
  duration_ms: 2562.9476
  type: 'test'
  ...
# Subtest: all 27 expression bindings have packaged full-canvas PNGs and accepted base hashes
ok 53 - all 27 expression bindings have packaged full-canvas PNGs and accepted base hashes
  ---
  duration_ms: 3207.352
  type: 'test'
  ...
# (node:45476) [MODULE_TYPELESS_PACKAGE_JSON] Warning: Module type of file:///C:/00.MIDAS/PROJECTS/28.%20HackApp.%202026/Finni%20App/src/ui/finni-layer-contract.ts is not specified and it doesn't parse as CommonJS.
# Reparsing as ES module because module syntax was detected. This incurs a performance overhead.
# To eliminate this warning, add "type": "module" to C:\\00.MIDAS\\PROJECTS\\28. HackApp. 2026\\Finni App\\package.json.
# (Use `node --trace-warnings ...` to show where the warning was created)
# Subtest: default app has one production root and no 3D diagnostic route
ok 54 - default app has one production root and no 3D diagnostic route
  ---
  duration_ms: 15.4544
  type: 'test'
  ...
# Subtest: production master copies match accepted S7-004 hashes
ok 55 - production master copies match accepted S7-004 hashes
  ---
  duration_ms: 129.9886
  type: 'test'
  ...
# Subtest: Home scene is local, lifecycle-aware, reduced-motion safe and bounded
ok 56 - Home scene is local, lifecycle-aware, reduced-motion safe and bounded
  ---
  duration_ms: 0.7491
  type: 'test'
  ...
# Subtest: three stage frames preserve the same room floor contact
ok 57 - three stage frames preserve the same room floor contact
  ---
  duration_ms: 2.1071
  type: 'test'
  ...
# Subtest: first blink waits for its decoded frame without swapping image sources
ok 58 - first blink waits for its decoded frame without swapping image sources
  ---
  duration_ms: 0.6517
  type: 'test'
  ...
# (node:15160) [MODULE_TYPELESS_PACKAGE_JSON] Warning: Module type of file:///C:/00.MIDAS/PROJECTS/28.%20HackApp.%202026/Finni%20App/src/persistence/app-control-sqlite.ts is not specified and it doesn't parse as CommonJS.
# Reparsing as ES module because module syntax was detected. This incurs a performance overhead.
# To eliminate this warning, add "type": "module" to C:\\00.MIDAS\\PROJECTS\\28. HackApp. 2026\\Finni App\\package.json.
# (Use `node --trace-warnings ...` to show where the warning was created)
# (node:15160) ExperimentalWarning: SQLite is an experimental feature and might change at any time
# Subtest: AN-016 motion and sound choices persist independently across restart
ok 59 - AN-016 motion and sound choices persist independently across restart
  ---
  duration_ms: 45.3901
  type: 'test'
  ...
# (node:13280) [MODULE_TYPELESS_PACKAGE_JSON] Warning: Module type of file:///C:/00.MIDAS/PROJECTS/28.%20HackApp.%202026/Finni%20App/src/application/home-lesson.ts is not specified and it doesn't parse as CommonJS.
# Reparsing as ES module because module syntax was detected. This incurs a performance overhead.
# To eliminate this warning, add "type": "module" to C:\\00.MIDAS\\PROJECTS\\28. HackApp. 2026\\Finni App\\package.json.
# (Use `node --trace-warnings ...` to show where the warning was created)
# (node:13280) ExperimentalWarning: SQLite is an experimental feature and might change at any time
# Subtest: Home recommendation obeys unlock, unfinished sequence, manifest order and circular practice
ok 60 - Home recommendation obeys unlock, unfinished sequence, manifest order and circular practice
  ---
  duration_ms: 4.075
  type: 'test'
  ...
# Subtest: all stage silhouettes fit the smallest and ordinary reserves with invariant feet
ok 61 - all stage silhouettes fit the smallest and ordinary reserves with invariant feet
  ---
  duration_ms: 1.2687
  type: 'test'
  ...
# Subtest: Home history projection survives restart, isolates profiles and uses internal insertion order
ok 62 - Home history projection survives restart, isolates profiles and uses internal insertion order
  ---
  duration_ms: 439.4138
  type: 'test'
  ...
# (node:47620) [MODULE_TYPELESS_PACKAGE_JSON] Warning: Module type of file:///C:/00.MIDAS/PROJECTS/28.%20HackApp.%202026/Finni%20App/src/ui/lesson-return.ts is not specified and it doesn't parse as CommonJS.
# Reparsing as ES module because module syntax was detected. This incurs a performance overhead.
# To eliminate this warning, add "type": "module" to C:\\00.MIDAS\\PROJECTS\\28. HackApp. 2026\\Finni App\\package.json.
# (Use `node --trace-warnings ...` to show where the warning was created)
# Subtest: all eight lessons return to the right day section without triggering an operation
ok 63 - all eight lessons return to the right day section without triggering an operation
  ---
  duration_ms: 2.4054
  type: 'test'
  ...
# Subtest: discovery copy reports saved choices for all mechanics without claiming mastery
ok 64 - discovery copy reports saved choices for all mechanics without claiming mastery
  ---
  duration_ms: 1.8662
  type: 'test'
  ...
# Subtest: repeat cycles through variants of one lesson and does not create a ninth topic
ok 65 - repeat cycles through variants of one lesson and does not create a ninth topic
  ---
  duration_ms: 0.5691
  type: 'test'
  ...
# (node:7812) [MODULE_TYPELESS_PACKAGE_JSON] Warning: Module type of file:///C:/00.MIDAS/PROJECTS/28.%20HackApp.%202026/Finni%20App/src/domain/lesson.ts is not specified and it doesn't parse as CommonJS.
# Reparsing as ES module because module syntax was detected. This incurs a performance overhead.
# To eliminate this warning, add "type": "module" to C:\\00.MIDAS\\PROJECTS\\28. HackApp. 2026\\Finni App\\package.json.
# (Use `node --trace-warnings ...` to show where the warning was created)
# Subtest: registry is extensible by mechanic and rejects accidental replacement
ok 66 - registry is extensible by mechanic and rejects accidental replacement
  ---
  duration_ms: 4.5696
  type: 'test'
  ...
# Subtest: hints do not change the answer, revision or confirm an attempt
ok 67 - hints do not change the answer, revision or confirm an attempt
  ---
  duration_ms: 2.4014
  type: 'test'
  ...
# Subtest: action flows through consequence, explanation and next step before completion
ok 68 - action flows through consequence, explanation and next step before completion
  ---
  duration_ms: 1.608
  type: 'test'
  ...
# Subtest: reviewed unsuccessful outcome completes, invalid input never does
ok 69 - reviewed unsuccessful outcome completes, invalid input never does
  ---
  duration_ms: 0.8145
  type: 'test'
  ...
# Subtest: editing after evaluation invalidates both evaluation and explanation binding
ok 70 - editing after evaluation invalidates both evaluation and explanation binding
  ---
  duration_ms: 0.6328
  type: 'test'
  ...
# Subtest: reward eligibility is captured at start and cannot be upgraded later
ok 71 - reward eligibility is captured at start and cannot be upgraded later
  ---
  duration_ms: 0.5032
  type: 'test'
  ...
# Subtest: new variant starts with hidden hints even after the previous variant used L2
ok 72 - new variant starts with hidden hints even after the previous variant used L2
  ---
  duration_ms: 0.4401
  type: 'test'
  ...
# (node:43440) [MODULE_TYPELESS_PACKAGE_JSON] Warning: Module type of file:///C:/00.MIDAS/PROJECTS/28.%20HackApp.%202026/Finni%20App/src/application/learning-service.ts is not specified and it doesn't parse as CommonJS.
# Reparsing as ES module because module syntax was detected. This incurs a performance overhead.
# To eliminate this warning, add "type": "module" to C:\\00.MIDAS\\PROJECTS\\28. HackApp. 2026\\Finni App\\package.json.
# (Use `node --trace-warnings ...` to show where the warning was created)
# (node:43440) ExperimentalWarning: SQLite is an experimental feature and might change at any time
# Subtest: restart preserves current evaluation/explanation and replay returns one completion/reward
ok 73 - restart preserves current evaluation/explanation and replay returns one completion/reward
  ---
  duration_ms: 395.147
  type: 'test'
  ...
# Subtest: concurrent completions persist both outcomes but grant exactly one reward
ok 74 - concurrent completions persist both outcomes but grant exactly one reward
  ---
  duration_ms: 176.1254
  type: 'test'
  ...
# Subtest: draft-start remains training after activation and active-start gets no reward after close
ok 75 - draft-start remains training after activation and active-start gets no reward after close
  ---
  duration_ms: 162.5544
  type: 'test'
  ...
# Subtest: waiting attempts are persisted as training and reviewed outcomes are explicit
ok 76 - waiting attempts are persisted as training and reviewed outcomes are explicit
  ---
  duration_ms: 84.0253
  type: 'test'
  ...
# Subtest: invalid input and stale evaluation cannot create completion or reward
ok 77 - invalid input and stale evaluation cannot create completion or reward
  ---
  duration_ms: 45.3613
  type: 'test'
  ...
# Subtest: completed discovery reloads pinned attempt and evaluation after restart without a new reward
ok 78 - completed discovery reloads pinned attempt and evaluation after restart without a new reward
  ---
  duration_ms: 69.0992
  type: 'test'
  ...
# (node:36768) [MODULE_TYPELESS_PACKAGE_JSON] Warning: Module type of file:///C:/00.MIDAS/PROJECTS/28.%20HackApp.%202026/Finni%20App/src/ui/lesson-renderer-registry.ts is not specified and it doesn't parse as CommonJS.
# Reparsing as ES module because module syntax was detected. This incurs a performance overhead.
# To eliminate this warning, add "type": "module" to C:\\00.MIDAS\\PROJECTS\\28. HackApp. 2026\\Finni App\\package.json.
# (Use `node --trace-warnings ...` to show where the warning was created)
# Subtest: renderer registry extends mechanics without changing LessonShell navigation
ok 79 - renderer registry extends mechanics without changing LessonShell navigation
  ---
  duration_ms: 3.6442
  type: 'test'
  ...
# Subtest: LessonShell exposes hints and the full action-to-next-step contract
ok 80 - LessonShell exposes hints and the full action-to-next-step contract
  ---
  duration_ms: 1.7624
  type: 'test'
  ...
# Subtest: needs-review result explicitly invites the child to edit and check again
ok 81 - needs-review result explicitly invites the child to edit and check again
  ---
  duration_ms: 2.3103
  type: 'test'
  ...
# Subtest: P03 offers the neutral seller line only after a checked receipt discrepancy
ok 82 - P03 offers the neutral seller line only after a checked receipt discrepancy
  ---
  duration_ms: 0.9686
  type: 'test'
  ...
# (node:41192) [MODULE_TYPELESS_PACKAGE_JSON] Warning: Module type of file:///C:/00.MIDAS/PROJECTS/28.%20HackApp.%202026/Finni%20App/src/application/learning-service.ts is not specified and it doesn't parse as CommonJS.
# Reparsing as ES module because module syntax was detected. This incurs a performance overhead.
# To eliminate this warning, add "type": "module" to C:\\00.MIDAS\\PROJECTS\\28. HackApp. 2026\\Finni App\\package.json.
# (Use `node --trace-warnings ...` to show where the warning was created)
# (node:41192) ExperimentalWarning: SQLite is an experimental feature and might change at any time
# Subtest: eight distinct lesson definitions share one period reward quota
ok 83 - eight distinct lesson definitions share one period reward quota
  ---
  duration_ms: 511.1992
  type: 'test'
  ...
# Subtest: draft solution, hints and pinned parameters survive restart without completion
ok 84 - draft solution, hints and pinned parameters survive restart without completion
  ---
  duration_ms: 72.2323
  type: 'test'
  ...
# Subtest: old evaluation and injected completion failure leave no partial reward state
ok 85 - old evaluation and injected completion failure leave no partial reward state
  ---
  duration_ms: 69.8634
  type: 'test'
  ...
# (node:43388) [MODULE_TYPELESS_PACKAGE_JSON] Warning: Module type of file:///C:/00.MIDAS/PROJECTS/28.%20HackApp.%202026/Finni%20App/src/application/index.ts is not specified and it doesn't parse as CommonJS.
# Reparsing as ES module because module syntax was detected. This incurs a performance overhead.
# To eliminate this warning, add "type": "module" to C:\\00.MIDAS\\PROJECTS\\28. HackApp. 2026\\Finni App\\package.json.
# (Use `node --trace-warnings ...` to show where the warning was created)
# Subtest: mode switches invalidate queued and round-trip sessions by monotonic epoch
ok 86 - mode switches invalidate queued and round-trip sessions by monotonic epoch
  ---
  duration_ms: 158.8151
  type: 'test'
  ...
# Subtest: pending admin intent deterministically resumes after interruption at every phase
    # Subtest: resume after PREPARED
    ok 1 - resume after PREPARED
      ---
      duration_ms: 497.5015
      type: 'test'
      ...
    # Subtest: resume after QUEUE_STOPPED
    ok 2 - resume after QUEUE_STOPPED
      ---
      duration_ms: 152.9086
      type: 'test'
      ...
    # Subtest: resume after CONNECTION_CLOSED
    ok 3 - resume after CONNECTION_CLOSED
      ---
      duration_ms: 97.2685
      type: 'test'
      ...
    # Subtest: resume after DATA_REMOVED
    ok 4 - resume after DATA_REMOVED
      ---
      duration_ms: 89.4787
      type: 'test'
      ...
    # Subtest: resume after UI_CLEARED
    ok 5 - resume after UI_CLEARED
      ---
      duration_ms: 87.982
      type: 'test'
      ...
    # Subtest: resume after VERIFIED
    ok 6 - resume after VERIFIED
      ---
      duration_ms: 59.7287
      type: 'test'
      ...
    1..6
ok 87 - pending admin intent deterministically resumes after interruption at every phase
  ---
  duration_ms: 989.6658
  type: 'test'
  ...
# (node:37192) [MODULE_TYPELESS_PACKAGE_JSON] Warning: Module type of file:///C:/00.MIDAS/PROJECTS/28.%20HackApp.%202026/Finni%20App/src/domain/index.ts is not specified and it doesn't parse as CommonJS.
# Reparsing as ES module because module syntax was detected. This incurs a performance overhead.
# To eliminate this warning, add "type": "module" to C:\\00.MIDAS\\PROJECTS\\28. HackApp. 2026\\Finni App\\package.json.
# (Use `node --trace-warnings ...` to show where the warning was created)
# (node:37192) ExperimentalWarning: SQLite is an experimental feature and might change at any time
# Subtest: NormalClock/VirtualClock and projected state use calendar rules
ok 88 - NormalClock/VirtualClock and projected state use calendar rules
  ---
  duration_ms: 79.0667
  type: 'test'
  ...
# Subtest: schema v1 migrates to lifecycle v2 without losing period clock/rule data
ok 89 - schema v1 migrates to lifecycle v2 without losing period clock/rule data
  ---
  duration_ms: 235.1877
  type: 'test'
  ...
# Subtest: OpenPeriod rolls back period, income, revision and receipt together
ok 90 - OpenPeriod rolls back period, income, revision and receipt together
  ---
  duration_ms: 103.0584
  type: 'test'
  ...
# Subtest: normal restart, clock rollback and large forward jump never duplicate income
ok 91 - normal restart, clock rollback and large forward jump never duplicate income
  ---
  duration_ms: 128.4219
  type: 'test'
  ...
# Subtest: five demo periods run without waiting and survive restart without touching normal
ok 92 - five demo periods run without waiting and survive restart without touching normal
  ---
  duration_ms: 187.044
  type: 'test'
  ...
# Subtest: adult clock correction changes generation without income and blocks immediate reopening
ok 93 - adult clock correction changes generation without income and blocks immediate reopening
  ---
  duration_ms: 65.4488
  type: 'test'
  ...
# (node:37632) [MODULE_TYPELESS_PACKAGE_JSON] Warning: Module type of file:///C:/00.MIDAS/PROJECTS/28.%20HackApp.%202026/Finni%20App/src/domain/index.ts is not specified and it doesn't parse as CommonJS.
# Reparsing as ES module because module syntax was detected. This incurs a performance overhead.
# To eliminate this warning, add "type": "module" to C:\\00.MIDAS\\PROJECTS\\28. HackApp. 2026\\Finni App\\package.json.
# (Use `node --trace-warnings ...` to show where the warning was created)
# (node:37632) ExperimentalWarning: SQLite is an experimental feature and might change at any time
# Subtest: schema v4 migrates sequentially to v6 and survives restart
ok 94 - schema v4 migrates sequentially to v6 and survives restart
  ---
  duration_ms: 415.3766
  type: 'test'
  ...
# Subtest: ClosePeriod is atomic, receipt-first idempotent, restart-safe and neutral for an empty day
ok 95 - ClosePeriod is atomic, receipt-first idempotent, restart-safe and neutral for an empty day
  ---
  duration_ms: 110.7061
  type: 'test'
  ...
# Subtest: five closed periods apply high-water rules and reach stages 1 → 2 → 3
ok 96 - five closed periods apply high-water rules and reach stages 1 → 2 → 3
  ---
  duration_ms: 120.6801
  type: 'test'
  ...
# Subtest: goal claim preserves committed saving and historical overrun blocks only the plan point
ok 97 - goal claim preserves committed saving and historical overrun blocks only the plan point
  ---
  duration_ms: 62.1693
  type: 'test'
  ...
# Subtest: shared executor serializes repository facades and closes the database exactly once
ok 98 - shared executor serializes repository facades and closes the database exactly once
  ---
  duration_ms: 113.0989
  type: 'test'
  ...
# Subtest: period result UI wires close confirmation, saved summary and accessibility
ok 99 - period result UI wires close confirmation, saved summary and accessibility
  ---
  duration_ms: 2.3423
  type: 'test'
  ...
# (node:43772) [MODULE_TYPELESS_PACKAGE_JSON] Warning: Module type of file:///C:/00.MIDAS/PROJECTS/28.%20HackApp.%202026/Finni%20App/src/persistence/index.ts is not specified and it doesn't parse as CommonJS.
# Reparsing as ES module because module syntax was detected. This incurs a performance overhead.
# To eliminate this warning, add "type": "module" to C:\\00.MIDAS\\PROJECTS\\28. HackApp. 2026\\Finni App\\package.json.
# (Use `node --trace-warnings ...` to show where the warning was created)
# (node:43772) ExperimentalWarning: SQLite is an experimental feature and might change at any time
# Subtest: schema rejects unsafe Counter values and the transaction rolls back fully
ok 100 - schema rejects unsafe Counter values and the transaction rolls back fully
  ---
  duration_ms: 51.5565
  type: 'test'
  ...
# (node:22768) [MODULE_TYPELESS_PACKAGE_JSON] Warning: Module type of file:///C:/00.MIDAS/PROJECTS/28.%20HackApp.%202026/Finni%20App/src/domain/index.ts is not specified and it doesn't parse as CommonJS.
# Reparsing as ES module because module syntax was detected. This incurs a performance overhead.
# To eliminate this warning, add "type": "module" to C:\\00.MIDAS\\PROJECTS\\28. HackApp. 2026\\Finni App\\package.json.
# (Use `node --trace-warnings ...` to show where the warning was created)
# (node:22768) ExperimentalWarning: SQLite is an experimental feature and might change at any time
# Subtest: current schema migrates a real file transactionally and enforces CHECK/UNIQUE/FK
ok 101 - current schema migrates a real file transactionally and enforces CHECK/UNIQUE/FK
  ---
  duration_ms: 73.5242
  type: 'test'
  ...
# Subtest: COMMIT, durable receipt replay, conflict, induced ROLLBACK and restart stay consistent
ok 102 - COMMIT, durable receipt replay, conflict, induced ROLLBACK and restart stay consistent
  ---
  duration_ms: 85.1041
  type: 'test'
  ...
# Subtest: database uniqueness is the final guard for income/reward and rolls back projections
ok 103 - database uniqueness is the final guard for income/reward and rolls back projections
  ---
  duration_ms: 63.5925
  type: 'test'
  ...
# Subtest: RepositoryExecutor serializes concurrent commands on one connection
ok 104 - RepositoryExecutor serializes concurrent commands on one connection
  ---
  duration_ms: 62.2887
  type: 'test'
  ...
# Subtest: normal/demo use distinct database files and reject cross-mode commands
ok 105 - normal/demo use distinct database files and reject cross-mode commands
  ---
  duration_ms: 103.8554
  type: 'test'
  ...
# (node:7352) [MODULE_TYPELESS_PACKAGE_JSON] Warning: Module type of file:///C:/00.MIDAS/PROJECTS/28.%20HackApp.%202026/Finni%20App/src/domain/pet-profile.ts is not specified and it doesn't parse as CommonJS.
# Reparsing as ES module because module syntax was detected. This incurs a performance overhead.
# To eliminate this warning, add "type": "module" to C:\\00.MIDAS\\PROJECTS\\28. HackApp. 2026\\Finni App\\package.json.
# (Use `node --trace-warnings ...` to show where the warning was created)
# (node:7352) ExperimentalWarning: SQLite is an experimental feature and might change at any time
# Subtest: onboarding exposes exactly nine distinct pet combinations
ok 106 - onboarding exposes exactly nine distinct pet combinations
  ---
  duration_ms: 6.546
  type: 'test'
  ...
# Subtest: pet name normalization and validation share the 2–16 code point contract
ok 107 - pet name normalization and validation share the 2–16 code point contract
  ---
  duration_ms: 1.3434
  type: 'test'
  ...
# Subtest: loading, error and onboarding component models are finite and actionable
ok 108 - loading, error and onboarding component models are finite and actionable
  ---
  duration_ms: 2.2371
  type: 'test'
  ...
# Subtest: home component model shows all summary data and unlocks routes by state
ok 109 - home component model shows all summary data and unlocks routes by state
  ---
  duration_ms: 0.9246
  type: 'test'
  ...
# Subtest: home responsive layout keeps money and CTA before the scene at enlarged text
ok 110 - home responsive layout keeps money and CTA before the scene at enlarged text
  ---
  duration_ms: 0.5542
  type: 'test'
  ...
# Subtest: profile creation is single, update keeps identity, and restart restores a second combination
ok 111 - profile creation is single, update keeps identity, and restart restores a second combination
  ---
  duration_ms: 165.275
  type: 'test'
  ...
# Subtest: Home keeps native modal/back isolation and complete financial labels
not ok 112 - Home keeps native modal/back isolation and complete financial labels
  ---
  duration_ms: 3.9335
  type: 'test'
  location: 'C:\\00.MIDAS\\PROJECTS\\28. HackApp. 2026\\Finni App\\tests\\profile-ui.test.mjs:164:1'
  failureType: 'testCodeFailure'
  error: |-
    The input did not match the regular expression /importantForAccessibility=\{menu \? 'no-hide-descendants'/. Input:
    
    "import { useState } from 'react';\r\n" +
      "import { Image, Modal, Pressable, ScrollView, StyleSheet, Text, useWindowDimensions, View } from 'react-native';\r\n" +
      "import { SafeAreaView } from 'react-native-safe-area-context';\r\n" +
      "import type { AppSnapshot } from '../application/app-runtime.ts';\r\n" +
      "import { homeScreenModel } from '../application/ui-model.ts';\r\n" +
      "import FinniHomeScene, { type HomeReaction } from './FinniHomeScene.tsx';\r\n" +
      "import { goalSource } from './room-assets.ts';\r\n" +
      "import type { SceneRect } from './home-scene-layout.ts';\r\n" +
      '\r\n' +
      'export type HomeScreenProps = Readonly<{\r\n' +
      '  snapshot: AppSnapshot; busy: boolean; notice: string | null; scenePaused: boolean;\r\n' +
      '  motionEnabled: boolean; reaction: HomeReaction | null; lessonTitle: string | null; demo: boolean;\r\n' +
      '  onReactionFinished: (id: number) => void; onReactionCancelled: (id: number) => void;\r\n' +
      '  onDismissNotice: () => void; onOpenDay: () => void; onResults: () => void; onEditPet: () => void;\r\n' +
      '  onHelp: () => void; onLesson: () => void; onSection: (title: string) => void;\r\n' +
      '}>;\r\n' +
      '\r\n' +
      'const ICONS = {\r\n' +
      "  home: require('../../assets/ui/home-v2/home.png'), plan: require('../../assets/ui/home-v2/plan.png'),\r\n" +
      "  shop: require('../../assets/ui/home-v2/shop.png'), savings: require('../../assets/ui/home-v2/savings.png'),\r\n" +
      "  menu: require('../../assets/ui/home-v2/menu.png'), book: require('../../assets/ui/home-v2/book.png'),\r\n" +
      "  food: require('../../assets/ui/home-v2/food.png'), care: require('../../assets/ui/home-v2/care.png'),\r\n" +
      "  mood: require('../../assets/ui/home-v2/mood.png'), arrow: require('../../assets/ui/home-v2/arrow.png'),\r\n" +
      '};\r\n' +
      'const ROUTES = [\r\n' +
      "  { label: 'Домик', icon: 'home' }, { label: 'План', icon: 'plan' },\r\n" +
      "  { label: 'Покупки', icon: 'shop' }, { label: 'Копилка', icon: 'savings' },\r\n" +
      '] as const;\r\n' +
      'function Icon({ name, size = 24 }: Readonly<{ name: keyof typeof ICONS; size?: number }>) {\r\n' +
      '  return <Image accessible={false} source={ICONS[name]} style={{ width: size, height: size }} />;\r\n' +
      '}\r\n' +
      'function MenuRow({ label, onPress }: Readonly<{ label: string; onPress: () => void }>) {\r\n' +
      '  return <Pressable accessibilityRole="button" onPress={onPress} style={({ pressed }) => [styles.menuRow, pressed && styles.pressed]}><Text style={styles.body}>{label}</Text><Icon name="arrow" /></Pressable>;\r\n' +
      '}\r\n' +
      '\r\n' +
      '/** Presentation only: next steps open existing routes; money is confirmed there. */\r\n' +
      'export default function HomeScreen(props: HomeScreenProps) {\r\n' +
      '  const viewport = useWindowDimensions();\r\n' +
      '  const large = viewport.fontScale > 1.2;\r\n' +
      '  const short = viewport.height < 720;\r\n' +
      '  const profile = props.snapshot.profile!;\r\n' +
      '  const life = props.snapshot.lifecycle!;\r\n' +
      '  const model = homeScreenModel(profile, life);\r\n' +
      '  const goal = props.snapshot.commerce?.selectedGoal;\r\n' +
      '  const purchases = props.snapshot.commerce?.purchases ?? [];\r\n' +
      '  const [menu, setMenu] = useState(false);\r\n' +
      '  const [skipReactionId, setSkipReactionId] = useState<number | null>(null);\r\n' +
      '  const [failedGoal, setFailedGoal] = useState<string | null>(null);\r\n' +
      '  const [sceneSize, setSceneSize] = useState({ width: viewport.width - 24, height: 260 });\r\n' +
      '  const canSkip = props.reaction?.skippable && skipReactionId !== props.reaction.id;\r\n' +
      "  const hasFood = purchases.some(({ item }) => item.slot === 'food');\r\n" +
      "  const hasCare = purchases.some(({ item }) => item.slot === 'care');\r\n" +
      "  const closed = life.state === 'CLOSED' || life.state === 'WAITING';\r\n" +
      "  const food = hasFood ? 'Еда: есть' : closed ? 'Еда: нет' : 'Еда: выберем';\r\n" +
      "  const care = hasCare ? 'Уход: есть' : closed ? 'Уход: нет' : 'Уход: выберем';\r\n" +
      "  const mood = props.reaction?.expression === 'happy' ? 'Радостно' : props.reaction?.expression === 'thoughtful' ? 'Задумчиво'\r\n" +
      "    : props.reaction?.expression === 'inspired' ? 'Вдохновлённо' : 'Спокойно';\r\n" +
      '  const allGoals = (props.snapshot.commerce?.claimedGoalIds.length ?? 0) === 3;\r\n' +
      "  const goalName = goal?.name ?? (allGoals ? 'Все мечты получены' : 'Выбери мечту');\r\n" +
      '  const remaining = goal ? Math.max(0, goal.cost - life.savings) : null;\r\n' +
      '  const goalImage = goalSource(goal?.id ?? null);\r\n' +
      "  const next = life.state === 'ACTIVE'\r\n" +
      "    ? !hasFood || !hasCare ? { label: large ? 'Еда и уход' : 'Выбрать еду и уход', run: () => props.onSection('Покупки') }\r\n" +
      "      : !goal && !allGoals ? { label: 'Выбрать мечту', run: () => props.onSection('Копилка') }\r\n" +
      "        : goal && life.savings === 0 ? { label: large ? 'Копить на мечту' : 'Отложить на мечту', run: () => props.onSection('Копилка') }\r\n" +
      "          : { label: 'Проверить итоги', run: props.onResults }\r\n" +
      "    : life.state === 'READY' ? { label: 'Начать день', run: props.onOpenDay }\r\n" +
      "      : life.state === 'DRAFT' ? { label: 'Составить план', run: () => props.onSection('План') }\r\n" +
      "        : life.state === 'CLOSED' ? { label: 'Итоги дня', run: props.onResults }\r\n" +
      "          : { label: large ? 'День позже' : 'Следующий день позже', run: () => {} };\r\n" +
      '  const blocked = props.busy || !model.action.enabled;\r\n' +
      '  const navigate = (action: () => void) => { setMenu(false); action(); };\r\n' +
      '  const petRegion: SceneRect = large\r\n' +
      '    ? { x: 0, y: 0, width: 112, height: 112 }\r\n' +
      '    : { x: 24, y: short ? 12 : 34, width: Math.max(80, sceneSize.width - 48), height: Math.max(48, sceneSize.height - (short ? 54 : 84)) };\r\n' +
      '  const primary = <Pressable accessibilityRole="button" accessibilityState={{ disabled: blocked }} disabled={blocked} onPress={next.run}\r\n' +
      '    style={({ pressed }) => [styles.primary, large && styles.largePrimary, blocked && styles.disabled, pressed && styles.pressed]} testID="home-primary">\r\n' +
      "    <Text style={[styles.primaryText, large && styles.largePrimaryText]}>{props.busy ? 'Подождите…' : next.label}</Text>\r\n" +
      '    {!large && !blocked && <Icon name="arrow" size={20} />}\r\n' +
      '  </Pressable>;\r\n' +
      '  const menuButton = <Pressable accessibilityRole="button" accessibilityLabel="Меню" onPress={() => setMenu(true)}\r\n' +
      '    style={({ pressed }) => [styles.menuButton, large && styles.largeMenuButton, pressed && styles.pressed]} testID="home-sections">\r\n' +
      '    {!large && <Icon name="menu" size={18} />}<Text style={styles.caption}>Меню</Text>\r\n' +
      '  </Pressable>;\r\n' +
      '  const state = <View style={[styles.state, large && styles.largeState]} testID="home-care">\r\n' +
      "    {([{ name: 'food', text: food }, { name: 'care', text: care }, { name: 'mood', text: mood }] as const).map((item) =>\r\n" +
      '      <View key={item.name} style={[styles.stateItem, large && styles.largeStateItem]}>\r\n' +
      '        {!large && <Icon name={item.name} size={18} />}\r\n' +
      "        <Text accessibilityLabel={item.name === 'mood' ? 'Настроение: ' + mood : undefined} style={[styles.caption, !large && styles.stateText]}>{item.text}</Text>\r\n" +
      '      </View>)}\r\n' +
      '  </View>;\r\n' +
      '  const navigation = <View style={[styles.nav, large && styles.menuNav]} accessibilityRole="tablist" testID="home-navigation">\r\n' +
      `    {ROUTES.map(({ label, icon }) => <Pressable key={label} accessibilityRole="tab" accessibilityState={{ selected: label === 'Домик' }}\r\n` +
      "      onPress={() => label === 'Домик' ? setMenu(false) : navigate(() => props.onSection(label))}\r\n" +
      "      style={({ pressed }) => [styles.navItem, large && styles.menuNavItem, label === 'Домик' && styles.navSelected, pressed && styles.pressed]}>\r\n" +
      "      <Icon name={icon} /><Text style={[styles.navText, label === 'Домик' && styles.navSelectedText]}>{label}</Text>\r\n" +
      '    </Pressable>)}\r\n' +
      '  </View>;\r\n' +
      '\r\n' +
      '  return <SafeAreaView style={styles.safe}>\r\n' +
      "    <View style={[styles.home, short && styles.shortHome, large && styles.largeHome]} testID={large ? 'home-large-summary' : 'home-v42'}\r\n" +
      "      accessibilityElementsHidden={menu || Boolean(props.notice)} importantForAccessibility={menu || props.notice ? 'no-hide-descendants' : 'auto'}\r\n" +
      "      pointerEvents={menu || props.notice ? 'none' : 'auto'}>\r\n" +
      '      <View style={[styles.finances, large && styles.largeFinances]} testID="home-finances">\r\n' +
      '        <View style={[styles.money, large && styles.largeMoney]}>\r\n' +
      "          {([['Доступно', life.available], ['Копилка', life.savings]] as const).map(([label, value]) =>\r\n" +
      "            <View key={label} accessible accessibilityLabel={label + ': ' + value + ' монет'} style={[styles.metric, large && styles.largeMetric]}>\r\n" +
      "              <Text style={styles.caption}>{large ? label : label + ', монет'}</Text>\r\n" +
      '              <Text style={[styles.amount, large && styles.largeAmount]}>{value}</Text>\r\n' +
      '            </View>)}\r\n' +
      '        </View>\r\n' +
      `        <Pressable accessibilityRole="button" accessibilityHint="Открывает цель и накопления" onPress={() => props.onSection('Копилка')}\r\n` +
      '          style={[styles.goal, large && styles.largeGoal]} testID="home-goal">\r\n' +
      '          {!large && goalImage && failedGoal !== goal?.id && <View style={styles.goalArt}>\r\n' +
      '            <Image accessible={false} source={goalImage} onError={() => setFailedGoal(goal!.id)} resizeMode="contain" style={styles.goalImage} />\r\n' +
      '          </View>}\r\n' +
      '          <View style={styles.goalCopy}>\r\n' +
      "            <Text style={[styles.goalTitle, large && styles.largeGoalTitle]}>{large ? 'Цель: ' : 'Мечта · '}{goalName}</Text>\r\n" +
      '            {goal ? <>\r\n' +
      '              <Text style={styles.caption}>{life.savings} из {goal.cost} монет</Text>\r\n' +
      '              {!large && <View accessibilityRole="progressbar" accessibilityValue={{ min: 0, max: goal.cost, now: Math.min(life.savings, goal.cost) }} style={styles.track}>\r\n' +
      '                <View style={[styles.fill, { width: `${Math.min(100, life.savings / goal.cost * 100)}%` }]} />\r\n' +
      '              </View>}\r\n' +
      "              <Text style={styles.caption}>{remaining === 0 ? 'Можно получить мечту' : 'Осталось ' + remaining}</Text>\r\n" +
      "            </> : <Text style={styles.caption}>{allGoals ? 'Ты умеешь копить!' : 'На что будем копить?'}</Text>}\r\n" +
      '          </View>\r\n' +
      '          {!large && <Icon name="arrow" size={18} />}\r\n' +
      '        </Pressable>\r\n' +
      '      </View>\r\n' +
      '\r\n' +
      '      <View style={[styles.scene, short && styles.shortScene, large && styles.largeScene]} onLayout={({ nativeEvent: { layout } }) => setSceneSize(layout)} testID="home-scene-space">\r\n' +
      '        {!large && <>\r\n' +
      '          <View pointerEvents="none" style={styles.roomArch} /><View pointerEvents="no'... 10260 more characters
    
  code: 'ERR_ASSERTION'
  name: 'AssertionError'
  expected:
  actual: |-
    import { useState } from 'react';
    import { Image, Modal, Pressable, ScrollView, StyleSheet, Text, useWindowDimensions, View } from 'react-native';
    import { SafeAreaView } from 'react-native-safe-area-context';
    import type { AppSnapshot } from '../application/app-runtime.ts';
    import { homeScreenModel } from '../application/ui-model.ts';
    import FinniHomeScene, { type HomeReaction } from './FinniHomeScene.tsx';
    import { goalSource } from './room-assets.ts';
    import type { SceneRect } from './home-scene-layout.ts';
    
    export type HomeScreenProps = Readonly<{
      snapshot: AppSnapshot; busy: boolean; notice: string | null; scenePaused: boolean;
      motionEnabled: boolean; reaction: HomeReaction | null; lessonTitle: string | null; demo: boolean;
      onReactionFinished: (id: number) => void; onReactionCancelled: (id: number) => void;
      onDismissNotice: () => void; onOpenDay: () => void; onResults: () => void; onEditPet: () => void;
      onHelp: () => void; onLesson: () => void; onSection: (title: string) => void;
    }>;
    
    const ICONS = {
      home: require('../../assets/ui/home-v2/home.png'), plan: require('../../assets/ui/home-v2/plan.png'),
      shop: require('../../assets/ui/home-v2/shop.png'), savings: require('../../assets/ui/home-v2/savings.png'),
      menu: require('../../assets/ui/home-v2/menu.png'), book: require('../../assets/ui/home-v2/book.png'),
      food: require('../../assets/ui/home-v2/food.png'), care: require('../../assets/ui/home-v2/care.png'),
      mood: require('../../assets/ui/home-v2/mood.png'), arrow: require('../../assets/ui/home-v2/arrow.png'),
    };
    const ROUTES = [
      { label: 'Домик', icon: 'home' }, { label: 'План', icon: 'plan' },
      { label: 'Покупки', icon: 'shop' }, { label: 'Копилка', icon: 'savings' },
    ] as const;
    function Icon({ name, size = 24 }: Readonly<{ name: keyof typeof ICONS; size?: number }>) {
      return <Image accessible={false} source={ICONS[name]} style={{ width: size, height: size }} />;
    }
    function MenuRow({ label, onPress }: Readonly<{ label: string; onPress: () => void }>) {
      return <Pressable accessibilityRole="button" onPress={onPress} style={({ pressed }) => [styles.menuRow, pressed && styles.pressed]}><Text style={styles.body}>{label}</Text><Icon name="arrow" /></Pressable>;
    }
    
    /** Presentation only: next steps open existing routes; money is confirmed there. */
    export default function HomeScreen(props: HomeScreenProps) {
      const viewport = useWindowDimensions();
      const large = viewport.fontScale > 1.2;
      const short = viewport.height < 720;
      const profile = props.snapshot.profile!;
      const life = props.snapshot.lifecycle!;
      const model = homeScreenModel(profile, life);
      const goal = props.snapshot.commerce?.selectedGoal;
      const purchases = props.snapshot.commerce?.purchases ?? [];
      const [menu, setMenu] = useState(false);
      const [skipReactionId, setSkipReactionId] = useState<number | null>(null);
      const [failedGoal, setFailedGoal] = useState<string | null>(null);
      const [sceneSize, setSceneSize] = useState({ width: viewport.width - 24, height: 260 });
      const canSkip = props.reaction?.skippable && skipReactionId !== props.reaction.id;
      const hasFood = purchases.some(({ item }) => item.slot === 'food');
      const hasCare = purchases.some(({ item }) => item.slot === 'care');
      const closed = life.state === 'CLOSED' || life.state === 'WAITING';
      const food = hasFood ? 'Еда: есть' : closed ? 'Еда: нет' : 'Еда: выберем';
      const care = hasCare ? 'Уход: есть' : closed ? 'Уход: нет' : 'Уход: выберем';
      const mood = props.reaction?.expression === 'happy' ? 'Радостно' : props.reaction?.expression === 'thoughtful' ? 'Задумчиво'
        : props.reaction?.expression === 'inspired' ? 'Вдохновлённо' : 'Спокойно';
      const allGoals = (props.snapshot.commerce?.claimedGoalIds.length ?? 0) === 3;
      const goalName = goal?.name ?? (allGoals ? 'Все мечты получены' : 'Выбери мечту');
      const remaining = goal ? Math.max(0, goal.cost - life.savings) : null;
      const goalImage = goalSource(goal?.id ?? null);
      const next = life.state === 'ACTIVE'
        ? !hasFood || !hasCare ? { label: large ? 'Еда и уход' : 'Выбрать еду и уход', run: () => props.onSection('Покупки') }
          : !goal && !allGoals ? { label: 'Выбрать мечту', run: () => props.onSection('Копилка') }
            : goal && life.savings === 0 ? { label: large ? 'Копить на мечту' : 'Отложить на мечту', run: () => props.onSection('Копилка') }
              : { label: 'Проверить итоги', run: props.onResults }
        : life.state === 'READY' ? { label: 'Начать день', run: props.onOpenDay }
          : life.state === 'DRAFT' ? { label: 'Составить план', run: () => props.onSection('План') }
            : life.state === 'CLOSED' ? { label: 'Итоги дня', run: props.onResults }
              : { label: large ? 'День позже' : 'Следующий день позже', run: () => {} };
      const blocked = props.busy || !model.action.enabled;
      const navigate = (action: () => void) => { setMenu(false); action(); };
      const petRegion: SceneRect = large
        ? { x: 0, y: 0, width: 112, height: 112 }
        : { x: 24, y: short ? 12 : 34, width: Math.max(80, sceneSize.width - 48), height: Math.max(48, sceneSize.height - (short ? 54 : 84)) };
      const primary = <Pressable accessibilityRole="button" accessibilityState={{ disabled: blocked }} disabled={blocked} onPress={next.run}
        style={({ pressed }) => [styles.primary, large && styles.largePrimary, blocked && styles.disabled, pressed && styles.pressed]} testID="home-primary">
        <Text style={[styles.primaryText, large && styles.largePrimaryText]}>{props.busy ? 'Подождите…' : next.label}</Text>
        {!large && !blocked && <Icon name="arrow" size={20} />}
      </Pressable>;
      const menuButton = <Pressable accessibilityRole="button" accessibilityLabel="Меню" onPress={() => setMenu(true)}
        style={({ pressed }) => [styles.menuButton, large && styles.largeMenuButton, pressed && styles.pressed]} testID="home-sections">
        {!large && <Icon name="menu" size={18} />}<Text style={styles.caption}>Меню</Text>
      </Pressable>;
      const state = <View style={[styles.state, large && styles.largeState]} testID="home-care">
        {([{ name: 'food', text: food }, { name: 'care', text: care }, { name: 'mood', text: mood }] as const).map((item) =>
          <View key={item.name} style={[styles.stateItem, large && styles.largeStateItem]}>
            {!large && <Icon name={item.name} size={18} />}
            <Text accessibilityLabel={item.name === 'mood' ? 'Настроение: ' + mood : undefined} style={[styles.caption, !large && styles.stateText]}>{item.text}</Text>
          </View>)}
      </View>;
      const navigation = <View style={[styles.nav, large && styles.menuNav]} accessibilityRole="tablist" testID="home-navigation">
        {ROUTES.map(({ label, icon }) => <Pressable key={label} accessibilityRole="tab" accessibilityState={{ selected: label === 'Домик' }}
          onPress={() => label === 'Домик' ? setMenu(false) : navigate(() => props.onSection(label))}
          style={({ pressed }) => [styles.navItem, large && styles.menuNavItem, label === 'Домик' && styles.navSelected, pressed && styles.pressed]}>
          <Icon name={icon} /><Text style={[styles.navText, label === 'Домик' && styles.navSelectedText]}>{label}</Text>
        </Pressable>)}
      </View>;
    
      return <SafeAreaView style={styles.safe}>
        <View style={[styles.home, short && styles.shortHome, large && styles.largeHome]} testID={large ? 'home-large-summary' : 'home-v42'}
          accessibilityElementsHidden={menu || Boolean(props.notice)} importantForAccessibility={menu || props.notice ? 'no-hide-descendants' : 'auto'}
          pointerEvents={menu || props.notice ? 'none' : 'auto'}>
          <View style={[styles.finances, large && styles.largeFinances]} testID="home-finances">
            <View style={[styles.money, large && styles.largeMoney]}>
              {([['Доступно', life.available], ['Копилка', life.savings]] as const).map(([label, value]) =>
                <View key={label} accessible accessibilityLabel={label + ': ' + value + ' монет'} style={[styles.metric, large && styles.largeMetric]}>
                  <Text style={styles.caption}>{large ? label : label + ', монет'}</Text>
                  <Text style={[styles.amount, large && styles.largeAmount]}>{value}</Text>
                </View>)}
            </View>
            <Pressable accessibilityRole="button" accessibilityHint="Открывает цель и накопления" onPress={() => props.onSection('Копилка')}
              style={[styles.goal, large && styles.largeGoal]} testID="home-goal">
              {!large && goalImage && failedGoal !== goal?.id && <View style={styles.goalArt}>
                <Image accessible={false} source={goalImage} onError={() => setFailedGoal(goal!.id)} resizeMode="contain" style={styles.goalImage} />
              </View>}
              <View style={styles.goalCopy}>
                <Text style={[styles.goalTitle, large && styles.largeGoalTitle]}>{large ? 'Цель: ' : 'Мечта · '}{goalName}</Text>
                {goal ? <>
                  <Text style={styles.caption}>{life.savings} из {goal.cost} монет</Text>
                  {!large && <View accessibilityRole="progressbar" accessibilityValue={{ min: 0, max: goal.cost, now: Math.min(life.savings, goal.cost) }} style={styles.track}>
                    <View style={[styles.fill, { width: `${Math.min(100, life.savings / goal.cost * 100)}%` }]} />
                  </View>}
                  <Text style={styles.caption}>{remaining === 0 ? 'Можно получить мечту' : 'Осталось ' + remaining}</Text>
                </> : <Text style={styles.caption}>{allGoals ? 'Ты умеешь копить!' : 'На что будем копить?'}</Text>}
              </View>
              {!large && <Icon name="arrow" size={18} />}
            </Pressable>
          </View>
    
          <View style={[styles.scene, short && styles.shortScene, large && styles.largeScene]} onLayout={({ nativeEvent: { layout } }) => setSceneSize(layout)} testID="home-scene-space">
            {!large && <>
              <View pointerEvents="none" style={styles.roomArch} /><View pointerEvents="none" style={styles.roomLight} />
              <View pointerEvents="none" style={styles.roomFloor} />
              <View pointerEvents="none" style={[styles.rug, { top: petRegion.y + petRegion.height - 18 }]} />
              {!short && <View style={styles.identity}><Text style={styles.petName}>{profile.name}</Text><Text style={styles.caption}>{model.dayLabel}{props.demo ? ' · Демо' : ''}</Text></View>}
              <View style={styles.sceneMenu}>{menuButton}</View>
            </>}
            <View pointerEvents="none" importantForAccessibility="no-hide-descendants" style={large ? styles.portrait : StyleSheet.absoluteFill}>
              <FinniHomeScene key={profile.shapeId + '-' + profile.patternId} accessibilityLabel={profile.name + '. ' + food + '. ' + care + '. ' + mood}
                careLabel={food + '. ' + care} height={large ? 112 : sceneSize.height} paused={props.scenePaused || menu || Boolean(props.notice)}
                motionEnabled={props.motionEnabled} stage={life.petStage} appearance={profile} reaction={props.reaction}
                onReactionFinished={props.onReactionFinished} onReactionCancelled={props.onReactionCancelled}
                showCaption={false} sceneStyle="quiet" portrait={large} fullscreen petRegion={petRegion} hideSkip skipReactionId={skipReactionId} />
            </View>
            <Pressable accessibilityRole="button" accessibilityLabel={profile.name + ', стадия ' + life.petStage + '. ' + mood + '. Изменить питомца'} onPress={props.onEditPet}
              style={large ? styles.portraitTarget : [styles.petTarget, { left: petRegion.x, top: petRegion.y + (short ? 36 : 24), width: petRegion.width, height: Math.max(48, petRegion.height - (short ? 36 : 24)) }]} testID="home-pet-target" />
            {state}
          </View>
    
          <Pressable accessibilityRole="button" accessibilityHint="Открывает это занятие" disabled={props.busy} accessibilityState={{ disabled: props.busy }} onPress={props.onLesson}
            style={({ pressed }) => [styles.lesson, large && styles.largeLesson, pressed && styles.pressed]} testID="home-lesson">
            {!large && <View style={styles.lessonIcon}><Icon name="book" size={26} /></View>}
            <View style={styles.lessonCopy}><Text style={styles.caption}>Занятие</Text><Text style={[styles.lessonTitle, large && styles.largeLessonTitle]}>{props.lessonTitle ?? 'Выбери занятие'}</Text></View>
            {!large && <Icon name="arrow" size={20} />}
          </Pressable>
          <View style={[styles.footer, large && styles.largeFooter]} testID="home-footer">{large && menuButton}{primary}</View>
          {!large && navigation}
        </View>
    
        <Modal visible={menu} onRequestClose={() => setMenu(false)} animationType="none" accessibilityViewIsModal>
          <SafeAreaView style={styles.safe}><ScrollView contentContainerStyle={styles.menuContent}>
            <Text style={styles.menuTitle}>Домик {profile.name}</Text><Text style={styles.body}>{model.dayLabel}{props.demo ? ' · Демо' : ''}</Text>
            <MenuRow label="Закрыть меню" onPress={() => setMenu(false)} />
            {large && navigation}
            {canSkip && <MenuRow label="Пропустить анимацию" onPress={() => { setSkipReactionId(props.reaction!.id); setMenu(false); }} />}
            <MenuRow label="Прогресс" onPress={() => navigate(() => props.onSection('Прогресс'))} />
            <MenuRow label="О питомце" onPress={() => navigate(props.onEditPet)} />
            <MenuRow label="Как играть" onPress={() => navigate(props.onHelp)} />
            <MenuRow label="Для взрослого" onPress={() => navigate(() => props.onSection('Для взрослого'))} />
          </ScrollView></SafeAreaView>
        </Modal>
        <Modal visible={Boolean(props.notice)} transparent onRequestClose={props.onDismissNotice} accessibilityViewIsModal>
          <View style={styles.noticeOverlay}><View style={styles.noticeCard}><Text accessibilityLiveRegion="polite" style={styles.body}>{props.notice}</Text><MenuRow label="Понятно" onPress={props.onDismissNotice} /></View></View>
        </Modal>
      </SafeAreaView>;
    }
    
    const styles = StyleSheet.create({
      safe: { flex: 1, backgroundColor: '#F6F0E6' },
      home: { flex: 1, padding: 12, gap: 10 }, shortHome: { padding: 10, gap: 7 }, largeHome: { padding: 10, gap: 8 },
      body: { color: '#3D352D', includeFontPadding: false, fontSize: 16, lineHeight: 22 },
      caption: { color: '#665444', includeFontPadding: false, fontSize: 12, lineHeight: 15 },
      finances: { borderRadius: 24, backgroundColor: '#FFFCF6', padding: 14, paddingBottom: 12 },
      largeFinances: { padding: 10, borderRadius: 22 },
      money: { flexDirection: 'row', gap: 16, paddingBottom: 10 }, largeMoney: { flexDirection: 'column', gap: 2, paddingBottom: 6 },
      metric: { flex: 1, gap: 2 }, largeMetric: { flex: 0, flexDirection: 'row', alignItems: 'center', justifyContent: 'space-between', gap: 4 },
      amount: { color: '#3D352D', includeFontPadding: false, fontSize: 24, lineHeight: 28, fontWeight: '700', fontVariant: ['tabular-nums'] },
      largeAmount: { fontSize: 16, lineHeight: 18, fontWeight: '600' },
      goal: { minHeight: 72, borderTopWidth: 1, borderTopColor: '#EAE0D1', paddingTop: 10, flexDirection: 'row', gap: 10, alignItems: 'center' },
      largeGoal: { minHeight: 48, paddingTop: 6 },
      goalArt: { width: 62, height: 64, borderRadius: 17, backgroundColor: '#F4E8D0', alignItems: 'center', justifyContent: 'center' },
      goalImage: { width: 58, height: 58 }, goalCopy: { flex: 1, gap: 3 },
      goalTitle: { color: '#3D352D', includeFontPadding: false, fontSize: 14, lineHeight: 18, fontWeight: '600' },
      largeGoalTitle: { fontSize: 14, lineHeight: 16 },
      track: { height: 5, borderRadius: 3, backgroundColor: '#E8DECC', marginVertical: 1 },
      fill: { height: 5, borderRadius: 3, backgroundColor: '#5F7754' },
      scene: { flex: 1, minHeight: 180, borderRadius: 28, backgroundColor: '#EDE2CD', overflow: 'hidden' },
      shortScene: { minHeight: 130 },
      roomArch: { position: 'absolute', width: '76%', height: '105%', top: '9%', left: '12%', borderTopLeftRadius: 160, borderTopRightRadius: 160, backgroundColor: '#F5ECDC' },
      roomLight: { position: 'absolute', top: -30, left: -24, width: 110, height: '110%', backgroundColor: '#FBF3E2', opacity: .55, transform: [{ rotate: '24deg' }] },
      roomFloor: { position: 'absolute', left: 0, right: 0, bottom: 0, height: '28%', backgroundColor: '#DDC9A8' },
      rug: { position: 'absolute', left: '12%', width: '76%', height: 42, borderRadius: '50%', backgroundColor: '#C1AB89', borderWidth: 5, borderColor: '#D3BC97' },
      identity: { position: 'absolute', left: 16, top: 13 },
      petName: { color: '#594737', fontSize: 18, lineHeight: 23, fontWeight: '600', includeFontPadding: false },
      sceneMenu: { position: 'absolute', top: 6, right: 6, zIndex: 2 },
      menuButton: { minWidth: 60, minHeight: 48, padding: 8, gap: 4, flexDirection: 'row', alignItems: 'center', justifyContent: 'center', borderRadius: 16, backgroundColor: '#FFFCF6' },
      largeMenuButton: { minWidth: 86, minHeight: 56, padding: 8 },
      petTarget: { position: 'absolute', minWidth: 48, minHeight: 48 },
      state: { position: 'absolute', bottom: 0, left: 0, right: 0, minHeight: 40, flexDirection: 'row', alignItems: 'center', justifyContent: 'space-evenly', padding: 7, gap: 5, backgroundColor: '#F9F2E7' },
      stateItem: { flexDirection: 'row', gap: 4, alignItems: 'center', flexShrink: 1 }, stateText: { fontSize: 11, lineHeight: 14, flexShrink: 1 },
      largeScene: { flex: 0, minHeight: 112, height: 112, overflow: 'visible', backgroundColor: 'transparent', flexDirection: 'row', borderRadius: 0 },
      portrait: { position: 'absolute', width: 112, height: 112, borderRadius: 28, overflow: 'hidden', backgroundColor: '#EBDDCA' },
      portraitTarget: { position: 'absolute', left: 0, top: 0, width: 112, height: 112 },
      largeState: { position: 'relative', marginLeft: 122, flex: 1, flexDirection: 'column', alignItems: 'flex-start', justifyContent: 'center', gap: 1, padding: 0, backgroundColor: 'transparent' },
      largeStateItem: { flexDirection: 'row', flexShrink: 0 },
      lesson: { minHeight: 68, borderRadius: 22, backgroundColor: '#FFFCF6', padding: 12, flexDirection: 'row', alignItems: 'center', gap: 10 },
      lessonIcon: { width: 42, height: 42, borderRadius: 14, backgroundColor: '#EEE7D5', alignItems: 'center', justifyContent: 'center' },
      lessonCopy: { flex: 1, gap: 3 },
      lessonTitle: { color: '#3D352D', includeFontPadding: false, fontSize: 15, lineHeight: 19, fontWeight: '600' },
      largeLesson: { minHeight: 48, padding: 10, borderRadius: 20 }, largeLessonTitle: { fontSize: 14, lineHeight: 16 },
      footer: { flexShrink: 0 },
      largeFooter: { marginTop: 'auto', flexDirection: 'row', gap: 8 },
      primary: { minHeight: 50, padding: 10, paddingHorizontal: 16, backgroundColor: '#AE482A', borderRadius: 18, flexDirection: 'row', alignItems: 'center', justifyContent: 'space-between', gap: 8 },
      largePrimary: { minHeight: 56, flex: 1, padding: 8, justifyContent: 'center' },
      primaryText: { flexShrink: 1, color: '#FFFFFF', includeFontPadding: false, fontSize: 16, lineHeight: 21, fontWeight: '600' },
      largePrimaryText: { fontSize: 14, lineHeight: 17, textAlign: 'center' },
      disabled: { backgroundColor: '#806C5B' },
      nav: { minHeight: 60, padding: 4, borderRadius: 22, flexDirection: 'row', gap: 3, backgroundColor: '#FFFCF6' },
      navItem: { flex: 1, minHeight: 52, paddingVertical: 3, borderRadius: 17, alignItems: 'center', justifyContent: 'center', gap: 3 },
      navText: { color: '#665444', includeFontPadding: false, fontSize: 12, lineHeight: 15 }, navSelected: { backgroundColor: '#EEDFCA' }, navSelectedText: { color: '#603C24', fontWeight: '700' },
      pressed: { transform: [{ scale: .96 }] },
      menuContent: { padding: 18, gap: 12 }, menuTitle: { color: '#3D352D', fontSize: 24, lineHeight: 30, fontWeight: '600' },
      menuRow: { minHeight: 56, borderRadius: 18, padding: 14, backgroundColor: '#FFFCF6', flexDirection: 'row', alignItems: 'center', justifyContent: 'space-between', gap: 12 },
      menuNav: { flexWrap: 'wrap' }, menuNavItem: { flex: 0, width: '48%', minHeight: 80 },
      noticeOverlay: { flex: 1, justifyContent: 'center', padding: 24, backgroundColor: '#00000066' },
      noticeCard: { padding: 20, borderRadius: 24, backgroundColor: '#FFFCF6', gap: 16 },
    });
    
    
  operator: 'match'
  stack: |-
    TestContext.<anonymous> (file:///C:/00.MIDAS/PROJECTS/28.%20HackApp.%202026/Finni%20App/tests/profile-ui.test.mjs:168:10)
    Test.runInAsyncScope (node:async_hooks:214:14)
    Test.run (node:internal/test_runner/test:1047:25)
    Test.processPendingSubtests (node:internal/test_runner/test:744:18)
    Test.postRun (node:internal/test_runner/test:1173:19)
    Test.run (node:internal/test_runner/test:1101:12)
    async Test.processPendingSubtests (node:internal/test_runner/test:744:7)
  ...
# (node:40804) [MODULE_TYPELESS_PACKAGE_JSON] Warning: Module type of file:///C:/00.MIDAS/PROJECTS/28.%20HackApp.%202026/Finni%20App/src/application/learning-service.ts is not specified and it doesn't parse as CommonJS.
# Reparsing as ES module because module syntax was detected. This incurs a performance overhead.
# To eliminate this warning, add "type": "module" to C:\\00.MIDAS\\PROJECTS\\28. HackApp. 2026\\Finni App\\package.json.
# (Use `node --trace-warnings ...` to show where the warning was created)
# (node:40804) ExperimentalWarning: SQLite is an experimental feature and might change at any time
# Subtest: P03 detects either duplicate, accepts a correct receipt, and explains incorrect change
ok 113 - P03 detects either duplicate, accepts a correct receipt, and explains incorrect change
  ---
  duration_ms: 4.9371
  type: 'test'
  ...
# Subtest: B03 prices owned materials and common budget; handmade is not always cheaper
ok 114 - B03 prices owned materials and common budget; handmade is not always cheaper
  ---
  duration_ms: 1.6595
  type: 'test'
  ...
# Subtest: P03 and B03 training completions create no financial ledger entry
ok 115 - P03 and B03 training completions create no financial ledger entry
  ---
  duration_ms: 95.325
  type: 'test'
  ...
# Subtest: P03 renderer offers independent basket, selectable receipt lines and editable total/change
ok 116 - P03 renderer offers independent basket, selectable receipt lines and editable total/change
  ---
  duration_ms: 2.173
  type: 'test'
  ...
# Subtest: B03 renderer presents both costs, owned materials and common plan without commerce commands
ok 117 - B03 renderer presents both costs, owned materials and common plan without commerce commands
  ---
  duration_ms: 0.6859
  type: 'test'
  ...
# Subtest: room asset package covers the implemented purchase and goal IDs exactly
ok 118 - room asset package covers the implemented purchase and goal IDs exactly
  ---
  duration_ms: 4.6805
  type: 'test'
  ...
# Subtest: all local PNG bindings have matching hashes and valid PNG signatures
ok 119 - all local PNG bindings have matching hashes and valid PNG signatures
  ---
  duration_ms: 87.2067
  type: 'test'
  ...
# Subtest: catalog thumbnails come from hashed imagegen masters with RGBA 192px exports
ok 120 - catalog thumbnails come from hashed imagegen masters with RGBA 192px exports
  ---
  duration_ms: 127.7775
  type: 'test'
  ...
# (node:25908) [MODULE_TYPELESS_PACKAGE_JSON] Warning: Module type of file:///C:/00.MIDAS/PROJECTS/28.%20HackApp.%202026/Finni%20App/src/domain/index.ts is not specified and it doesn't parse as CommonJS.
# Reparsing as ES module because module syntax was detected. This incurs a performance overhead.
# To eliminate this warning, add "type": "module" to C:\\00.MIDAS\\PROJECTS\\28. HackApp. 2026\\Finni App\\package.json.
# (Use `node --trace-warnings ...` to show where the warning was created)
# (node:25908) ExperimentalWarning: SQLite is an experimental feature and might change at any time
# Subtest: deposit and confirmed withdrawal conserve funds and produce ordered history
ok 121 - deposit and confirmed withdrawal conserve funds and produce ordered history
  ---
  duration_ms: 63.7006
  type: 'test'
  ...
# Subtest: goal change preserves savings; claim keeps surplus and survives replay and restart
ok 122 - goal change preserves savings; claim keeps surplus and survives replay and restart
  ---
  duration_ms: 62.5227
  type: 'test'
  ...
# Subtest: concurrent transfers with one revision commit at most once
ok 123 - concurrent transfers with one revision commit at most once
  ---
  duration_ms: 52.9189
  type: 'test'
  ...
# Subtest: runtime boundary and accessible savings/history screens are wired
ok 124 - runtime boundary and accessible savings/history screens are wired
  ---
  duration_ms: 2.7654
  type: 'test'
  ...
# (node:34588) [MODULE_TYPELESS_PACKAGE_JSON] Warning: Module type of file:///C:/00.MIDAS/PROJECTS/28.%20HackApp.%202026/Finni%20App/src/domain/savings-lesson.ts is not specified and it doesn't parse as CommonJS.
# Reparsing as ES module because module syntax was detected. This incurs a performance overhead.
# To eliminate this warning, add "type": "module" to C:\\00.MIDAS\\PROJECTS\\28. HackApp. 2026\\Finni App\\package.json.
# (Use `node --trace-warnings ...` to show where the warning was created)
# Subtest: S01 accepts flexible integer deposits and preserves an over-goal forecast
ok 125 - S01 accepts flexible integer deposits and preserves an over-goal forecast
  ---
  duration_ms: 4.2951
  type: 'test'
  ...
# Subtest: S01 shows the remaining amount and rejects invalid day deposits
ok 126 - S01 shows the remaining amount and rejects invalid day deposits
  ---
  duration_ms: 0.5282
  type: 'test'
  ...
# Subtest: S02 preview calculates purchase and postponement without a money command
ok 127 - S02 preview calculates purchase and postponement without a money command
  ---
  duration_ms: 1.0136
  type: 'test'
  ...
# Subtest: S02 blocks an unfunded purchase and malformed withdrawals
ok 128 - S02 blocks an unfunded purchase and malformed withdrawals
  ---
  duration_ms: 0.3755
  type: 'test'
  ...
# Subtest: savings renderer exposes both canonical SRS scenarios and a non-mutating preview
ok 129 - savings renderer exposes both canonical SRS scenarios and a non-mutating preview
  ---
  duration_ms: 1.6735
  type: 'test'
  ...
# Subtest: S02 requires an explicit choice before evaluating a withdrawal
ok 130 - S02 requires an explicit choice before evaluating a withdrawal
  ---
  duration_ms: 0.4333
  type: 'test'
  ...
1..130
# tests 136
# suites 0
# pass 135
# fail 1
# cancelled 0
# skipped 0
# todo 0
# duration_ms 4205.4686
