
> finni@0.1.0 verify
> npm run lint && npm run typecheck && npm run test && npm run content && npm run fixtures


> finni@0.1.0 lint
> eslint . --max-warnings=0


> finni@0.1.0 typecheck
> tsc --noEmit


> finni@0.1.0 test
> node --test tests/*.test.mjs

TAP version 13
# (node:37028) [MODULE_TYPELESS_PACKAGE_JSON] Warning: Module type of file:///C:/00.MIDAS/PROJECTS/28.%20HackApp.%202026/Finni%20App/src/application/index.ts is not specified and it doesn't parse as CommonJS.
# Reparsing as ES module because module syntax was detected. This incurs a performance overhead.
# To eliminate this warning, add "type": "module" to C:\\00.MIDAS\\PROJECTS\\28. HackApp. 2026\\Finni App\\package.json.
# (Use `node --trace-warnings ...` to show where the warning was created)
# (node:37028) ExperimentalWarning: SQLite is an experimental feature and might change at any time
# Subtest: TC-071/169 adult access is memory-only, deliberate and relocks on idle/background
ok 1 - TC-071/169 adult access is memory-only, deliberate and relocks on idle/background
  ---
  duration_ms: 3.0422
  type: 'test'
  ...
# Subtest: TC-173 control database serializes CAS and survives file-backed restart
ok 2 - TC-173 control database serializes CAS and survives file-backed restart
  ---
  duration_ms: 44.437
  type: 'test'
  ...
# Subtest: History and Help expose factual child-safe content and return contract
ok 3 - History and Help expose factual child-safe content and return contract
  ---
  duration_ms: 1.6927
  type: 'test'
  ...
# Subtest: Adult UI and AppRoot enforce gate, relock and coordinator-only runtime actions
ok 4 - Adult UI and AppRoot enforce gate, relock and coordinator-only runtime actions
  ---
  duration_ms: 1.5677
  type: 'test'
  ...
# Subtest: Production adapters use dedicated control DB and known-name idempotent delete semantics
ok 5 - Production adapters use dedicated control DB and known-name idempotent delete semantics
  ---
  duration_ms: 1.5484
  type: 'test'
  ...
# Subtest: Android release contract targets package and portrait orientation
ok 6 - Android release contract targets package and portrait orientation
  ---
  duration_ms: 2.0359
  type: 'test'
  ...
# Subtest: API 26 is declared through expo-build-properties
ok 7 - API 26 is declared through expo-build-properties
  ---
  duration_ms: 0.6467
  type: 'test'
  ...
# Subtest: release build requires external signing and has no debug fallback
ok 8 - release build requires external signing and has no debug fallback
  ---
  duration_ms: 0.4358
  type: 'test'
  ...
# Subtest: Babel config uses only the Expo preset and no superseded native renderer plugin
ok 9 - Babel config uses only the Expo preset and no superseded native renderer plugin
  ---
  duration_ms: 0.5434
  type: 'test'
  ...
# Subtest: release build clears only the generated app CMake cache before Gradle clean
ok 10 - release build clears only the generated app CMake cache before Gradle clean
  ---
  duration_ms: 0.5421
  type: 'test'
  ...
# Subtest: budget plan component wires draft, confirmation and additional-income states
ok 11 - budget plan component wires draft, confirmation and additional-income states
  ---
  duration_ms: 5.1144
  type: 'test'
  ...
# (node:41480) [MODULE_TYPELESS_PACKAGE_JSON] Warning: Module type of file:///C:/00.MIDAS/PROJECTS/28.%20HackApp.%202026/Finni%20App/src/application/budget-plan-model.ts is not specified and it doesn't parse as CommonJS.
# Reparsing as ES module because module syntax was detected. This incurs a performance overhead.
# To eliminate this warning, add "type": "module" to C:\\00.MIDAS\\PROJECTS\\28. HackApp. 2026\\Finni App\\package.json.
# (Use `node --trace-warnings ...` to show where the warning was created)
# (node:41480) ExperimentalWarning: SQLite is an experimental feature and might change at any time
# Subtest: plan draft and additional-income component models validate exact integer input
ok 12 - plan draft and additional-income component models validate exact integer input
  ---
  duration_ms: 2.771
  type: 'test'
  ...
# Subtest: confirm and additions are atomic, idempotent and survive a file-backed restart
ok 13 - confirm and additions are atomic, idempotent and survive a file-backed restart
  ---
  duration_ms: 315.4251
  type: 'test'
  ...
# (node:45448) [MODULE_TYPELESS_PACKAGE_JSON] Warning: Module type of file:///C:/00.MIDAS/PROJECTS/28.%20HackApp.%202026/Finni%20App/src/lessons/budget-purchase-lessons.ts is not specified and it doesn't parse as CommonJS.
# Reparsing as ES module because module syntax was detected. This incurs a performance overhead.
# To eliminate this warning, add "type": "module" to C:\\00.MIDAS\\PROJECTS\\28. HackApp. 2026\\Finni App\\package.json.
# (Use `node --trace-warnings ...` to show where the warning was created)
# Subtest: B01 and B02 use the schema-v3 allocation parameters
ok 14 - B01 and B02 use the schema-v3 allocation parameters
  ---
  duration_ms: 2.6966
  type: 'test'
  ...
# Subtest: P01 accepts canonical package counts and never performs a wallet write
ok 15 - P01 accepts canonical package counts and never performs a wallet write
  ---
  duration_ms: 13.492
  type: 'test'
  ...
# Subtest: P02 detects invalid competing offers and a more expensive equal coverage alternative
ok 16 - P02 detects invalid competing offers and a more expensive equal coverage alternative
  ---
  duration_ms: 0.8995
  type: 'test'
  ...
# Subtest: B02 starts from the visible 40/40/20 draft and accepts only an edited plan
ok 17 - B02 starts from the visible 40/40/20 draft and accepts only an edited plan
  ---
  duration_ms: 0.6834
  type: 'test'
  ...
# Subtest: P02 explains exact prices, quantities and leftovers in both pencil variants
ok 18 - P02 explains exact prices, quantities and leftovers in both pencil variants
  ---
  duration_ms: 1.5468
  type: 'test'
  ...
# Subtest: allocation and basket renderers expose canonical editable learning actions
ok 19 - allocation and basket renderers expose canonical editable learning actions
  ---
  duration_ms: 1.9864
  type: 'test'
  ...
# Subtest: pinned content definitions route all eight demo lessons through LessonShell
ok 20 - pinned content definitions route all eight demo lessons through LessonShell
  ---
  duration_ms: 0.4171
  type: 'test'
  ...
# (node:45980) [MODULE_TYPELESS_PACKAGE_JSON] Warning: Module type of file:///C:/00.MIDAS/PROJECTS/28.%20HackApp.%202026/Finni%20App/src/domain/index.ts is not specified and it doesn't parse as CommonJS.
# Reparsing as ES module because module syntax was detected. This incurs a performance overhead.
# To eliminate this warning, add "type": "module" to C:\\00.MIDAS\\PROJECTS\\28. HackApp. 2026\\Finni App\\package.json.
# (Use `node --trace-warnings ...` to show where the warning was created)
# (node:45980) ExperimentalWarning: SQLite is an experimental feature and might change at any time
# Subtest: catalog purchase previews funds and persists one immutable receipt/ledger row
ok 21 - catalog purchase previews funds and persists one immutable receipt/ledger row
  ---
  duration_ms: 103.712
  type: 'test'
  ...
# Subtest: insufficient purchase changes neither projection nor history
ok 22 - insufficient purchase changes neither projection nor history
  ---
  duration_ms: 58.984
  type: 'test'
  ...
# (node:45492) [MODULE_TYPELESS_PACKAGE_JSON] Warning: Module type of file:///C:/00.MIDAS/PROJECTS/28.%20HackApp.%202026/Finni%20App/src/domain/lesson.ts is not specified and it doesn't parse as CommonJS.
# Reparsing as ES module because module syntax was detected. This incurs a performance overhead.
# To eliminate this warning, add "type": "module" to C:\\00.MIDAS\\PROJECTS\\28. HackApp. 2026\\Finni App\\package.json.
# (Use `node --trace-warnings ...` to show where the warning was created)
# Subtest: actual lesson evaluator registry matches every canonical fixture for the eight runnable lessons
ok 23 - actual lesson evaluator registry matches every canonical fixture for the eight runnable lessons
  ---
  duration_ms: 265.7092
  type: 'test'
  ...
# (node:41760) [MODULE_TYPELESS_PACKAGE_JSON] Warning: Module type of file:///C:/00.MIDAS/PROJECTS/28.%20HackApp.%202026/Finni%20App/src/content/loader.ts is not specified and it doesn't parse as CommonJS.
# Reparsing as ES module because module syntax was detected. This incurs a performance overhead.
# To eliminate this warning, add "type": "module" to C:\\00.MIDAS\\PROJECTS\\28. HackApp. 2026\\Finni App\\package.json.
# (Use `node --trace-warnings ...` to show where the warning was created)
# Subtest: canonical manifest loads exactly eight strict schema-v3 lessons
ok 24 - canonical manifest loads exactly eight strict schema-v3 lessons
  ---
  duration_ms: 368.8219
  type: 'test'
  ...
# Subtest: attempt definition is an immutable version/variant snapshot
ok 25 - attempt definition is an immutable version/variant snapshot
  ---
  duration_ms: 762.028
  type: 'test'
  ...
# Subtest: manifest rejects broken links and dependency cycles
ok 26 - manifest rejects broken links and dependency cycles
  ---
  duration_ms: 48.6209
  type: 'test'
  ...
# Subtest: lesson schema rejects non-canonical semver, URLs, unknown fields and fixture contradictions
ok 27 - lesson schema rejects non-canonical semver, URLs, unknown fields and fixture contradictions
  ---
  duration_ms: 5.7785
  type: 'test'
  ...
# Subtest: basket minimum excludes impossible simultaneous alternative-group offers
ok 28 - basket minimum excludes impossible simultaneous alternative-group offers
  ---
  duration_ms: 5.6422
  type: 'test'
  ...
# Subtest: demo variants pin P02, P03 and B03 without increasing the eight-topic manifest
ok 29 - demo variants pin P02, P03 and B03 without increasing the eight-topic manifest
  ---
  duration_ms: 886.3447
  type: 'test'
  ...
# (node:7136) [MODULE_TYPELESS_PACKAGE_JSON] Warning: Module type of file:///C:/00.MIDAS/PROJECTS/28.%20HackApp.%202026/Finni%20App/src/domain/index.ts is not specified and it doesn't parse as CommonJS.
# Reparsing as ES module because module syntax was detected. This incurs a performance overhead.
# To eliminate this warning, add "type": "module" to C:\\00.MIDAS\\PROJECTS\\28. HackApp. 2026\\Finni App\\package.json.
# (Use `node --trace-warnings ...` to show where the warning was created)
# (node:7136) ExperimentalWarning: SQLite is an experimental feature and might change at any time
# Subtest: file-backed crash boundaries rollback before/after receipt and replay after lost COMMIT response
ok 30 - file-backed crash boundaries rollback before/after receipt and replay after lost COMMIT response
  ---
  duration_ms: 107.3695
  type: 'test'
  ...
# Subtest: v4 fixture survives injected v5 migration failure and unsupported newer schema is never reset
ok 31 - v4 fixture survives injected v5 migration failure and unsupported newer schema is never reset
  ---
  duration_ms: 571.1511
  type: 'test'
  ...
# Subtest: real S2 commands reconcile the complete ledger and projections after close and restart
ok 32 - real S2 commands reconcile the complete ledger and projections after close and restart
  ---
  duration_ms: 253.3279
  type: 'test'
  ...
# (node:45044) [MODULE_TYPELESS_PACKAGE_JSON] Warning: Module type of file:///C:/00.MIDAS/PROJECTS/28.%20HackApp.%202026/Finni%20App/src/domain/index.ts is not specified and it doesn't parse as CommonJS.
# Reparsing as ES module because module syntax was detected. This incurs a performance overhead.
# To eliminate this warning, add "type": "module" to C:\\00.MIDAS\\PROJECTS\\28. HackApp. 2026\\Finni App\\package.json.
# (Use `node --trace-warnings ...` to show where the warning was created)
# Subtest: SRS 19.1 fixture reaches B40/S30, growth 13 and stage three
ok 33 - SRS 19.1 fixture reaches B40/S30, growth 13 and stage three
  ---
  duration_ms: 6.094
  type: 'test'
  ...
# Subtest: SRS 19.7 fixture keeps the audited counterexamples explicit
ok 34 - SRS 19.7 fixture keeps the audited counterexamples explicit
  ---
  duration_ms: 0.3469
  type: 'test'
  ...
# (node:46100) [MODULE_TYPELESS_PACKAGE_JSON] Warning: Module type of file:///C:/00.MIDAS/PROJECTS/28.%20HackApp.%202026/Finni%20App/src/domain/index.ts is not specified and it doesn't parse as CommonJS.
# Reparsing as ES module because module syntax was detected. This incurs a performance overhead.
# To eliminate this warning, add "type": "module" to C:\\00.MIDAS\\PROJECTS\\28. HackApp. 2026\\Finni App\\package.json.
# (Use `node --trace-warnings ...` to show where the warning was created)
# Subtest: Amount projection overflow rejects the whole calculation as NUMERIC_LIMIT
ok 35 - Amount projection overflow rejects the whole calculation as NUMERIC_LIMIT
  ---
  duration_ms: 3.0676
  type: 'test'
  ...
# (node:43040) [MODULE_TYPELESS_PACKAGE_JSON] Warning: Module type of file:///C:/00.MIDAS/PROJECTS/28.%20HackApp.%202026/Finni%20App/src/domain/index.ts is not specified and it doesn't parse as CommonJS.
# Reparsing as ES module because module syntax was detected. This incurs a performance overhead.
# To eliminate this warning, add "type": "module" to C:\\00.MIDAS\\PROJECTS\\28. HackApp. 2026\\Finni App\\package.json.
# (Use `node --trace-warnings ...` to show where the warning was created)
# Subtest: numeric contracts enforce Amount, Delta, Counter and NetFlow boundaries
ok 36 - numeric contracts enforce Amount, Delta, Counter and NetFlow boundaries
  ---
  duration_ms: 5.4865
  type: 'test'
  ...
# Subtest: TC-005/006: period income is exactly 100 and repeated decisions are deterministic
ok 37 - TC-005/006: period income is exactly 100 and repeated decisions are deterministic
  ---
  duration_ms: 2.0507
  type: 'test'
  ...
# Subtest: TC-007–013: plan validation, immutability and reward separation
ok 38 - TC-007–013: plan validation, immutability and reward separation
  ---
  duration_ms: 2.076
  type: 'test'
  ...
# Subtest: balance formula preserves B+S and rejects insufficient projections
ok 39 - balance formula preserves B+S and rejects insufficient projections
  ---
  duration_ms: 1.9328
  type: 'test'
  ...
# Subtest: TC-153–158: additions use reward quota, preserve overruns and preconditions
ok 40 - TC-153–158: additions use reward quota, preserve overruns and preconditions
  ---
  duration_ms: 2.1731
  type: 'test'
  ...
# Subtest: TC-157 boundary: canonical identity is stable across restart metadata
ok 41 - TC-157 boundary: canonical identity is stable across restart metadata
  ---
  duration_ms: 0.9272
  type: 'test'
  ...
# Subtest: TC-159–164: high-water blocks repeated savings credit and allows signed flow
ok 42 - TC-159–164: high-water blocks repeated savings credit and allows signed flow
  ---
  duration_ms: 1.0084
  type: 'test'
  ...
# Subtest: domain source imports neither React nor SQLite
ok 43 - domain source imports neither React nor SQLite
  ---
  duration_ms: 6.1417
  type: 'test'
  ...
# (node:11628) [MODULE_TYPELESS_PACKAGE_JSON] Warning: Module type of file:///C:/00.MIDAS/PROJECTS/28.%20HackApp.%202026/Finni%20App/src/ui/finni-animation-set.ts is not specified and it doesn't parse as CommonJS.
# Reparsing as ES module because module syntax was detected. This incurs a performance overhead.
# To eliminate this warning, add "type": "module" to C:\\00.MIDAS\\PROJECTS\\28. HackApp. 2026\\Finni App\\package.json.
# (Use `node --trace-warnings ...` to show where the warning was created)
# Subtest: AN-001–014 have bounded recipes, static poses and skippable milestones
ok 44 - AN-001–014 have bounded recipes, static poses and skippable milestones
  ---
  duration_ms: 6.12
  type: 'test'
  ...
# Subtest: result replaces optional reaction; background cannot interrupt result
ok 45 - result replaces optional reaction; background cannot interrupt result
  ---
  duration_ms: 0.9946
  type: 'test'
  ...
# Subtest: rapid taps keep at most one optional reaction and stale completion cannot end replacement
ok 46 - rapid taps keep at most one optional reaction and stale completion cannot end replacement
  ---
  duration_ms: 0.7029
  type: 'test'
  ...
# Subtest: goal and stage skip display committed presentation and invalidate old timer
ok 47 - goal and stage skip display committed presentation and invalidate old timer
  ---
  duration_ms: 0.4275
  type: 'test'
  ...
# Subtest: modal, leave and profile change cancel effects without mutating committed presentation
ok 48 - modal, leave and profile change cancel effects without mutating committed presentation
  ---
  duration_ms: 0.5008
  type: 'test'
  ...
# Subtest: motion, system preference and sound are independent of committed state
ok 49 - motion, system preference and sound are independent of committed state
  ---
  duration_ms: 0.5267
  type: 'test'
  ...
# (node:47156) [MODULE_TYPELESS_PACKAGE_JSON] Warning: Module type of file:///C:/00.MIDAS/PROJECTS/28.%20HackApp.%202026/Finni%20App/src/domain/pet-profile.ts is not specified and it doesn't parse as CommonJS.
# Reparsing as ES module because module syntax was detected. This incurs a performance overhead.
# To eliminate this warning, add "type": "module" to C:\\00.MIDAS\\PROJECTS\\28. HackApp. 2026\\Finni App\\package.json.
# (Use `node --trace-warnings ...` to show where the warning was created)
# Subtest: all nine domain combinations resolve to their own rendered artwork
ok 50 - all nine domain combinations resolve to their own rendered artwork
  ---
  duration_ms: 1.839
  type: 'test'
  ...
# Subtest: accepted spotted frames and nine source layers have verified local PNG hashes
ok 51 - accepted spotted frames and nine source layers have verified local PNG hashes
  ---
  duration_ms: 302.6768
  type: 'test'
  ...
# Subtest: matrix package supplies eighteen unique frames and matching source hashes
ok 52 - matrix package supplies eighteen unique frames and matching source hashes
  ---
  duration_ms: 3043.9532
  type: 'test'
  ...
# Subtest: all 27 expression bindings have packaged full-canvas PNGs and accepted base hashes
ok 53 - all 27 expression bindings have packaged full-canvas PNGs and accepted base hashes
  ---
  duration_ms: 3660.3678
  type: 'test'
  ...
# (node:16944) [MODULE_TYPELESS_PACKAGE_JSON] Warning: Module type of file:///C:/00.MIDAS/PROJECTS/28.%20HackApp.%202026/Finni%20App/src/ui/finni-layer-contract.ts is not specified and it doesn't parse as CommonJS.
# Reparsing as ES module because module syntax was detected. This incurs a performance overhead.
# To eliminate this warning, add "type": "module" to C:\\00.MIDAS\\PROJECTS\\28. HackApp. 2026\\Finni App\\package.json.
# (Use `node --trace-warnings ...` to show where the warning was created)
# Subtest: default app has one production root and no 3D diagnostic route
ok 54 - default app has one production root and no 3D diagnostic route
  ---
  duration_ms: 2.3576
  type: 'test'
  ...
# Subtest: production master copies match accepted S7-004 hashes
ok 55 - production master copies match accepted S7-004 hashes
  ---
  duration_ms: 150.1393
  type: 'test'
  ...
# Subtest: Home scene is local, lifecycle-aware, reduced-motion safe and bounded
ok 56 - Home scene is local, lifecycle-aware, reduced-motion safe and bounded
  ---
  duration_ms: 0.7037
  type: 'test'
  ...
# Subtest: three stage frames preserve the same room floor contact
ok 57 - three stage frames preserve the same room floor contact
  ---
  duration_ms: 3.1135
  type: 'test'
  ...
# Subtest: first blink waits for its decoded frame without swapping image sources
ok 58 - first blink waits for its decoded frame without swapping image sources
  ---
  duration_ms: 0.7456
  type: 'test'
  ...
# (node:44968) [MODULE_TYPELESS_PACKAGE_JSON] Warning: Module type of file:///C:/00.MIDAS/PROJECTS/28.%20HackApp.%202026/Finni%20App/src/persistence/app-control-sqlite.ts is not specified and it doesn't parse as CommonJS.
# Reparsing as ES module because module syntax was detected. This incurs a performance overhead.
# To eliminate this warning, add "type": "module" to C:\\00.MIDAS\\PROJECTS\\28. HackApp. 2026\\Finni App\\package.json.
# (Use `node --trace-warnings ...` to show where the warning was created)
# (node:44968) ExperimentalWarning: SQLite is an experimental feature and might change at any time
# Subtest: AN-016 motion and sound choices persist independently across restart
ok 59 - AN-016 motion and sound choices persist independently across restart
  ---
  duration_ms: 43.0056
  type: 'test'
  ...
# (node:43128) [MODULE_TYPELESS_PACKAGE_JSON] Warning: Module type of file:///C:/00.MIDAS/PROJECTS/28.%20HackApp.%202026/Finni%20App/src/application/home-lesson.ts is not specified and it doesn't parse as CommonJS.
# Reparsing as ES module because module syntax was detected. This incurs a performance overhead.
# To eliminate this warning, add "type": "module" to C:\\00.MIDAS\\PROJECTS\\28. HackApp. 2026\\Finni App\\package.json.
# (Use `node --trace-warnings ...` to show where the warning was created)
# (node:43128) ExperimentalWarning: SQLite is an experimental feature and might change at any time
# Subtest: Home recommendation obeys unlock, unfinished sequence, manifest order and circular practice
ok 60 - Home recommendation obeys unlock, unfinished sequence, manifest order and circular practice
  ---
  duration_ms: 2.5733
  type: 'test'
  ...
# Subtest: all stage silhouettes fit the smallest and ordinary reserves with invariant feet
ok 61 - all stage silhouettes fit the smallest and ordinary reserves with invariant feet
  ---
  duration_ms: 1.3183
  type: 'test'
  ...
# Subtest: Home history projection survives restart, isolates profiles and uses internal insertion order
ok 62 - Home history projection survives restart, isolates profiles and uses internal insertion order
  ---
  duration_ms: 374.9454
  type: 'test'
  ...
# (node:46720) [MODULE_TYPELESS_PACKAGE_JSON] Warning: Module type of file:///C:/00.MIDAS/PROJECTS/28.%20HackApp.%202026/Finni%20App/src/ui/lesson-return.ts is not specified and it doesn't parse as CommonJS.
# Reparsing as ES module because module syntax was detected. This incurs a performance overhead.
# To eliminate this warning, add "type": "module" to C:\\00.MIDAS\\PROJECTS\\28. HackApp. 2026\\Finni App\\package.json.
# (Use `node --trace-warnings ...` to show where the warning was created)
# Subtest: all eight lessons return to the right day section without triggering an operation
ok 63 - all eight lessons return to the right day section without triggering an operation
  ---
  duration_ms: 2.9588
  type: 'test'
  ...
# Subtest: discovery copy reports saved choices for all mechanics without claiming mastery
ok 64 - discovery copy reports saved choices for all mechanics without claiming mastery
  ---
  duration_ms: 4.0175
  type: 'test'
  ...
# Subtest: repeat cycles through variants of one lesson and does not create a ninth topic
ok 65 - repeat cycles through variants of one lesson and does not create a ninth topic
  ---
  duration_ms: 0.6039
  type: 'test'
  ...
# (node:6668) [MODULE_TYPELESS_PACKAGE_JSON] Warning: Module type of file:///C:/00.MIDAS/PROJECTS/28.%20HackApp.%202026/Finni%20App/src/domain/lesson.ts is not specified and it doesn't parse as CommonJS.
# Reparsing as ES module because module syntax was detected. This incurs a performance overhead.
# To eliminate this warning, add "type": "module" to C:\\00.MIDAS\\PROJECTS\\28. HackApp. 2026\\Finni App\\package.json.
# (Use `node --trace-warnings ...` to show where the warning was created)
# Subtest: registry is extensible by mechanic and rejects accidental replacement
ok 66 - registry is extensible by mechanic and rejects accidental replacement
  ---
  duration_ms: 5.3164
  type: 'test'
  ...
# Subtest: hints do not change the answer, revision or confirm an attempt
ok 67 - hints do not change the answer, revision or confirm an attempt
  ---
  duration_ms: 2.1769
  type: 'test'
  ...
# Subtest: action flows through consequence, explanation and next step before completion
ok 68 - action flows through consequence, explanation and next step before completion
  ---
  duration_ms: 1.817
  type: 'test'
  ...
# Subtest: reviewed unsuccessful outcome completes, invalid input never does
ok 69 - reviewed unsuccessful outcome completes, invalid input never does
  ---
  duration_ms: 0.8581
  type: 'test'
  ...
# Subtest: editing after evaluation invalidates both evaluation and explanation binding
ok 70 - editing after evaluation invalidates both evaluation and explanation binding
  ---
  duration_ms: 0.6108
  type: 'test'
  ...
# Subtest: reward eligibility is captured at start and cannot be upgraded later
ok 71 - reward eligibility is captured at start and cannot be upgraded later
  ---
  duration_ms: 0.5198
  type: 'test'
  ...
# Subtest: new variant starts with hidden hints even after the previous variant used L2
ok 72 - new variant starts with hidden hints even after the previous variant used L2
  ---
  duration_ms: 4.2199
  type: 'test'
  ...
# (node:34980) [MODULE_TYPELESS_PACKAGE_JSON] Warning: Module type of file:///C:/00.MIDAS/PROJECTS/28.%20HackApp.%202026/Finni%20App/src/application/learning-service.ts is not specified and it doesn't parse as CommonJS.
# Reparsing as ES module because module syntax was detected. This incurs a performance overhead.
# To eliminate this warning, add "type": "module" to C:\\00.MIDAS\\PROJECTS\\28. HackApp. 2026\\Finni App\\package.json.
# (Use `node --trace-warnings ...` to show where the warning was created)
# (node:34980) ExperimentalWarning: SQLite is an experimental feature and might change at any time
# Subtest: restart preserves current evaluation/explanation and replay returns one completion/reward
ok 73 - restart preserves current evaluation/explanation and replay returns one completion/reward
  ---
  duration_ms: 430.5624
  type: 'test'
  ...
# Subtest: concurrent completions persist both outcomes but grant exactly one reward
ok 74 - concurrent completions persist both outcomes but grant exactly one reward
  ---
  duration_ms: 78.09
  type: 'test'
  ...
# Subtest: draft-start remains training after activation and active-start gets no reward after close
ok 75 - draft-start remains training after activation and active-start gets no reward after close
  ---
  duration_ms: 148.0132
  type: 'test'
  ...
# Subtest: waiting attempts are persisted as training and reviewed outcomes are explicit
ok 76 - waiting attempts are persisted as training and reviewed outcomes are explicit
  ---
  duration_ms: 181.6746
  type: 'test'
  ...
# Subtest: invalid input and stale evaluation cannot create completion or reward
ok 77 - invalid input and stale evaluation cannot create completion or reward
  ---
  duration_ms: 46.3882
  type: 'test'
  ...
# Subtest: completed discovery reloads pinned attempt and evaluation after restart without a new reward
ok 78 - completed discovery reloads pinned attempt and evaluation after restart without a new reward
  ---
  duration_ms: 224.3481
  type: 'test'
  ...
# (node:48428) [MODULE_TYPELESS_PACKAGE_JSON] Warning: Module type of file:///C:/00.MIDAS/PROJECTS/28.%20HackApp.%202026/Finni%20App/src/ui/lesson-renderer-registry.ts is not specified and it doesn't parse as CommonJS.
# Reparsing as ES module because module syntax was detected. This incurs a performance overhead.
# To eliminate this warning, add "type": "module" to C:\\00.MIDAS\\PROJECTS\\28. HackApp. 2026\\Finni App\\package.json.
# (Use `node --trace-warnings ...` to show where the warning was created)
# Subtest: renderer registry extends mechanics without changing LessonShell navigation
ok 79 - renderer registry extends mechanics without changing LessonShell navigation
  ---
  duration_ms: 3.8652
  type: 'test'
  ...
# Subtest: LessonShell exposes hints and the full action-to-next-step contract
ok 80 - LessonShell exposes hints and the full action-to-next-step contract
  ---
  duration_ms: 4.3526
  type: 'test'
  ...
# Subtest: needs-review result explicitly invites the child to edit and check again
ok 81 - needs-review result explicitly invites the child to edit and check again
  ---
  duration_ms: 0.751
  type: 'test'
  ...
# Subtest: P03 offers the neutral seller line only after a checked receipt discrepancy
ok 82 - P03 offers the neutral seller line only after a checked receipt discrepancy
  ---
  duration_ms: 0.6561
  type: 'test'
  ...
# (node:18656) [MODULE_TYPELESS_PACKAGE_JSON] Warning: Module type of file:///C:/00.MIDAS/PROJECTS/28.%20HackApp.%202026/Finni%20App/src/application/learning-service.ts is not specified and it doesn't parse as CommonJS.
# Reparsing as ES module because module syntax was detected. This incurs a performance overhead.
# To eliminate this warning, add "type": "module" to C:\\00.MIDAS\\PROJECTS\\28. HackApp. 2026\\Finni App\\package.json.
# (Use `node --trace-warnings ...` to show where the warning was created)
# (node:18656) ExperimentalWarning: SQLite is an experimental feature and might change at any time
# Subtest: eight distinct lesson definitions share one period reward quota
ok 83 - eight distinct lesson definitions share one period reward quota
  ---
  duration_ms: 256.9248
  type: 'test'
  ...
# Subtest: draft solution, hints and pinned parameters survive restart without completion
ok 84 - draft solution, hints and pinned parameters survive restart without completion
  ---
  duration_ms: 823.4363
  type: 'test'
  ...
# Subtest: old evaluation and injected completion failure leave no partial reward state
ok 85 - old evaluation and injected completion failure leave no partial reward state
  ---
  duration_ms: 159.1356
  type: 'test'
  ...
# (node:11436) [MODULE_TYPELESS_PACKAGE_JSON] Warning: Module type of file:///C:/00.MIDAS/PROJECTS/28.%20HackApp.%202026/Finni%20App/src/application/index.ts is not specified and it doesn't parse as CommonJS.
# Reparsing as ES module because module syntax was detected. This incurs a performance overhead.
# To eliminate this warning, add "type": "module" to C:\\00.MIDAS\\PROJECTS\\28. HackApp. 2026\\Finni App\\package.json.
# (Use `node --trace-warnings ...` to show where the warning was created)
# Subtest: mode switches invalidate queued and round-trip sessions by monotonic epoch
ok 86 - mode switches invalidate queued and round-trip sessions by monotonic epoch
  ---
  duration_ms: 461.2342
  type: 'test'
  ...
# Subtest: pending admin intent deterministically resumes after interruption at every phase
    # Subtest: resume after PREPARED
    ok 1 - resume after PREPARED
      ---
      duration_ms: 772.5967
      type: 'test'
      ...
    # Subtest: resume after QUEUE_STOPPED
    ok 2 - resume after QUEUE_STOPPED
      ---
      duration_ms: 97.9099
      type: 'test'
      ...
    # Subtest: resume after CONNECTION_CLOSED
    ok 3 - resume after CONNECTION_CLOSED
      ---
      duration_ms: 61.8689
      type: 'test'
      ...
    # Subtest: resume after DATA_REMOVED
    ok 4 - resume after DATA_REMOVED
      ---
      duration_ms: 67.0167
      type: 'test'
      ...
    # Subtest: resume after UI_CLEARED
    ok 5 - resume after UI_CLEARED
      ---
      duration_ms: 52.1206
      type: 'test'
      ...
    # Subtest: resume after VERIFIED
    ok 6 - resume after VERIFIED
      ---
      duration_ms: 51.6702
      type: 'test'
      ...
    1..6
ok 87 - pending admin intent deterministically resumes after interruption at every phase
  ---
  duration_ms: 1110.5103
  type: 'test'
  ...
# (node:41164) [MODULE_TYPELESS_PACKAGE_JSON] Warning: Module type of file:///C:/00.MIDAS/PROJECTS/28.%20HackApp.%202026/Finni%20App/src/domain/index.ts is not specified and it doesn't parse as CommonJS.
# Reparsing as ES module because module syntax was detected. This incurs a performance overhead.
# To eliminate this warning, add "type": "module" to C:\\00.MIDAS\\PROJECTS\\28. HackApp. 2026\\Finni App\\package.json.
# (Use `node --trace-warnings ...` to show where the warning was created)
# (node:41164) ExperimentalWarning: SQLite is an experimental feature and might change at any time
# Subtest: NormalClock/VirtualClock and projected state use calendar rules
ok 88 - NormalClock/VirtualClock and projected state use calendar rules
  ---
  duration_ms: 78.3944
  type: 'test'
  ...
# Subtest: schema v1 migrates to lifecycle v2 without losing period clock/rule data
ok 89 - schema v1 migrates to lifecycle v2 without losing period clock/rule data
  ---
  duration_ms: 132.8678
  type: 'test'
  ...
# Subtest: OpenPeriod rolls back period, income, revision and receipt together
ok 90 - OpenPeriod rolls back period, income, revision and receipt together
  ---
  duration_ms: 188.6115
  type: 'test'
  ...
# Subtest: normal restart, clock rollback and large forward jump never duplicate income
ok 91 - normal restart, clock rollback and large forward jump never duplicate income
  ---
  duration_ms: 194.2141
  type: 'test'
  ...
# Subtest: five demo periods run without waiting and survive restart without touching normal
ok 92 - five demo periods run without waiting and survive restart without touching normal
  ---
  duration_ms: 256.9952
  type: 'test'
  ...
# Subtest: adult clock correction changes generation without income and blocks immediate reopening
ok 93 - adult clock correction changes generation without income and blocks immediate reopening
  ---
  duration_ms: 92.3494
  type: 'test'
  ...
# (node:43484) [MODULE_TYPELESS_PACKAGE_JSON] Warning: Module type of file:///C:/00.MIDAS/PROJECTS/28.%20HackApp.%202026/Finni%20App/src/domain/index.ts is not specified and it doesn't parse as CommonJS.
# Reparsing as ES module because module syntax was detected. This incurs a performance overhead.
# To eliminate this warning, add "type": "module" to C:\\00.MIDAS\\PROJECTS\\28. HackApp. 2026\\Finni App\\package.json.
# (Use `node --trace-warnings ...` to show where the warning was created)
# (node:43484) ExperimentalWarning: SQLite is an experimental feature and might change at any time
# Subtest: schema v4 migrates sequentially to v6 and survives restart
ok 94 - schema v4 migrates sequentially to v6 and survives restart
  ---
  duration_ms: 527.1144
  type: 'test'
  ...
# Subtest: ClosePeriod is atomic, receipt-first idempotent, restart-safe and neutral for an empty day
ok 95 - ClosePeriod is atomic, receipt-first idempotent, restart-safe and neutral for an empty day
  ---
  duration_ms: 218.2505
  type: 'test'
  ...
# Subtest: five closed periods apply high-water rules and reach stages 1 → 2 → 3
ok 96 - five closed periods apply high-water rules and reach stages 1 → 2 → 3
  ---
  duration_ms: 202.245
  type: 'test'
  ...
# Subtest: goal claim preserves committed saving and historical overrun blocks only the plan point
ok 97 - goal claim preserves committed saving and historical overrun blocks only the plan point
  ---
  duration_ms: 65.2845
  type: 'test'
  ...
# Subtest: shared executor serializes repository facades and closes the database exactly once
ok 98 - shared executor serializes repository facades and closes the database exactly once
  ---
  duration_ms: 106.8756
  type: 'test'
  ...
# Subtest: period result UI wires close confirmation, saved summary and accessibility
ok 99 - period result UI wires close confirmation, saved summary and accessibility
  ---
  duration_ms: 3.2161
  type: 'test'
  ...
# (node:18988) [MODULE_TYPELESS_PACKAGE_JSON] Warning: Module type of file:///C:/00.MIDAS/PROJECTS/28.%20HackApp.%202026/Finni%20App/src/persistence/index.ts is not specified and it doesn't parse as CommonJS.
# Reparsing as ES module because module syntax was detected. This incurs a performance overhead.
# To eliminate this warning, add "type": "module" to C:\\00.MIDAS\\PROJECTS\\28. HackApp. 2026\\Finni App\\package.json.
# (Use `node --trace-warnings ...` to show where the warning was created)
# (node:18988) ExperimentalWarning: SQLite is an experimental feature and might change at any time
# Subtest: schema rejects unsafe Counter values and the transaction rolls back fully
ok 100 - schema rejects unsafe Counter values and the transaction rolls back fully
  ---
  duration_ms: 110.6904
  type: 'test'
  ...
# (node:31044) [MODULE_TYPELESS_PACKAGE_JSON] Warning: Module type of file:///C:/00.MIDAS/PROJECTS/28.%20HackApp.%202026/Finni%20App/src/domain/index.ts is not specified and it doesn't parse as CommonJS.
# Reparsing as ES module because module syntax was detected. This incurs a performance overhead.
# To eliminate this warning, add "type": "module" to C:\\00.MIDAS\\PROJECTS\\28. HackApp. 2026\\Finni App\\package.json.
# (Use `node --trace-warnings ...` to show where the warning was created)
# (node:31044) ExperimentalWarning: SQLite is an experimental feature and might change at any time
# Subtest: current schema migrates a real file transactionally and enforces CHECK/UNIQUE/FK
ok 101 - current schema migrates a real file transactionally and enforces CHECK/UNIQUE/FK
  ---
  duration_ms: 140.4422
  type: 'test'
  ...
# Subtest: COMMIT, durable receipt replay, conflict, induced ROLLBACK and restart stay consistent
ok 102 - COMMIT, durable receipt replay, conflict, induced ROLLBACK and restart stay consistent
  ---
  duration_ms: 108.3944
  type: 'test'
  ...
# Subtest: database uniqueness is the final guard for income/reward and rolls back projections
ok 103 - database uniqueness is the final guard for income/reward and rolls back projections
  ---
  duration_ms: 179.8447
  type: 'test'
  ...
# Subtest: RepositoryExecutor serializes concurrent commands on one connection
ok 104 - RepositoryExecutor serializes concurrent commands on one connection
  ---
  duration_ms: 122.5964
  type: 'test'
  ...
# Subtest: normal/demo use distinct database files and reject cross-mode commands
ok 105 - normal/demo use distinct database files and reject cross-mode commands
  ---
  duration_ms: 152.3077
  type: 'test'
  ...
# (node:7248) [MODULE_TYPELESS_PACKAGE_JSON] Warning: Module type of file:///C:/00.MIDAS/PROJECTS/28.%20HackApp.%202026/Finni%20App/src/domain/pet-profile.ts is not specified and it doesn't parse as CommonJS.
# Reparsing as ES module because module syntax was detected. This incurs a performance overhead.
# To eliminate this warning, add "type": "module" to C:\\00.MIDAS\\PROJECTS\\28. HackApp. 2026\\Finni App\\package.json.
# (Use `node --trace-warnings ...` to show where the warning was created)
# (node:7248) ExperimentalWarning: SQLite is an experimental feature and might change at any time
# Subtest: onboarding exposes exactly nine distinct pet combinations
ok 106 - onboarding exposes exactly nine distinct pet combinations
  ---
  duration_ms: 3.4038
  type: 'test'
  ...
# Subtest: pet name normalization and validation share the 2–16 code point contract
ok 107 - pet name normalization and validation share the 2–16 code point contract
  ---
  duration_ms: 0.9272
  type: 'test'
  ...
# Subtest: loading, error and onboarding component models are finite and actionable
ok 108 - loading, error and onboarding component models are finite and actionable
  ---
  duration_ms: 3.75
  type: 'test'
  ...
# Subtest: home component model shows all summary data and unlocks routes by state
ok 109 - home component model shows all summary data and unlocks routes by state
  ---
  duration_ms: 0.7979
  type: 'test'
  ...
# Subtest: home responsive layout keeps money and CTA before the scene at enlarged text
ok 110 - home responsive layout keeps money and CTA before the scene at enlarged text
  ---
  duration_ms: 1.3953
  type: 'test'
  ...
# Subtest: profile creation is single, update keeps identity, and restart restores a second combination
ok 111 - profile creation is single, update keeps identity, and restart restores a second combination
  ---
  duration_ms: 104.3286
  type: 'test'
  ...
# Subtest: Home keeps native modal/back isolation and complete financial labels
ok 112 - Home keeps native modal/back isolation and complete financial labels
  ---
  duration_ms: 2.0581
  type: 'test'
  ...
# (node:44876) [MODULE_TYPELESS_PACKAGE_JSON] Warning: Module type of file:///C:/00.MIDAS/PROJECTS/28.%20HackApp.%202026/Finni%20App/src/application/learning-service.ts is not specified and it doesn't parse as CommonJS.
# Reparsing as ES module because module syntax was detected. This incurs a performance overhead.
# To eliminate this warning, add "type": "module" to C:\\00.MIDAS\\PROJECTS\\28. HackApp. 2026\\Finni App\\package.json.
# (Use `node --trace-warnings ...` to show where the warning was created)
# (node:44876) ExperimentalWarning: SQLite is an experimental feature and might change at any time
# Subtest: P03 detects either duplicate, accepts a correct receipt, and explains incorrect change
ok 113 - P03 detects either duplicate, accepts a correct receipt, and explains incorrect change
  ---
  duration_ms: 8.0847
  type: 'test'
  ...
# Subtest: B03 prices owned materials and common budget; handmade is not always cheaper
ok 114 - B03 prices owned materials and common budget; handmade is not always cheaper
  ---
  duration_ms: 1.5613
  type: 'test'
  ...
# Subtest: P03 and B03 training completions create no financial ledger entry
ok 115 - P03 and B03 training completions create no financial ledger entry
  ---
  duration_ms: 211.2445
  type: 'test'
  ...
# Subtest: P03 renderer offers independent basket, selectable receipt lines and editable total/change
ok 116 - P03 renderer offers independent basket, selectable receipt lines and editable total/change
  ---
  duration_ms: 2.4904
  type: 'test'
  ...
# Subtest: B03 renderer presents both costs, owned materials and common plan without commerce commands
ok 117 - B03 renderer presents both costs, owned materials and common plan without commerce commands
  ---
  duration_ms: 1.0709
  type: 'test'
  ...
# Subtest: room asset package covers the implemented purchase and goal IDs exactly
ok 118 - room asset package covers the implemented purchase and goal IDs exactly
  ---
  duration_ms: 4.7561
  type: 'test'
  ...
# Subtest: all local PNG bindings have matching hashes and valid PNG signatures
ok 119 - all local PNG bindings have matching hashes and valid PNG signatures
  ---
  duration_ms: 107.6806
  type: 'test'
  ...
# Subtest: catalog thumbnails come from hashed imagegen masters with RGBA 192px exports
ok 120 - catalog thumbnails come from hashed imagegen masters with RGBA 192px exports
  ---
  duration_ms: 137.928
  type: 'test'
  ...
# (node:47184) [MODULE_TYPELESS_PACKAGE_JSON] Warning: Module type of file:///C:/00.MIDAS/PROJECTS/28.%20HackApp.%202026/Finni%20App/src/domain/index.ts is not specified and it doesn't parse as CommonJS.
# Reparsing as ES module because module syntax was detected. This incurs a performance overhead.
# To eliminate this warning, add "type": "module" to C:\\00.MIDAS\\PROJECTS\\28. HackApp. 2026\\Finni App\\package.json.
# (Use `node --trace-warnings ...` to show where the warning was created)
# (node:47184) ExperimentalWarning: SQLite is an experimental feature and might change at any time
# Subtest: deposit and confirmed withdrawal conserve funds and produce ordered history
ok 121 - deposit and confirmed withdrawal conserve funds and produce ordered history
  ---
  duration_ms: 80.8083
  type: 'test'
  ...
# Subtest: goal change preserves savings; claim keeps surplus and survives replay and restart
ok 122 - goal change preserves savings; claim keeps surplus and survives replay and restart
  ---
  duration_ms: 58.3685
  type: 'test'
  ...
# Subtest: concurrent transfers with one revision commit at most once
ok 123 - concurrent transfers with one revision commit at most once
  ---
  duration_ms: 40.5747
  type: 'test'
  ...
# Subtest: runtime boundary and accessible savings/history screens are wired
ok 124 - runtime boundary and accessible savings/history screens are wired
  ---
  duration_ms: 2.4453
  type: 'test'
  ...
# (node:4664) [MODULE_TYPELESS_PACKAGE_JSON] Warning: Module type of file:///C:/00.MIDAS/PROJECTS/28.%20HackApp.%202026/Finni%20App/src/domain/savings-lesson.ts is not specified and it doesn't parse as CommonJS.
# Reparsing as ES module because module syntax was detected. This incurs a performance overhead.
# To eliminate this warning, add "type": "module" to C:\\00.MIDAS\\PROJECTS\\28. HackApp. 2026\\Finni App\\package.json.
# (Use `node --trace-warnings ...` to show where the warning was created)
# Subtest: S01 accepts flexible integer deposits and preserves an over-goal forecast
ok 125 - S01 accepts flexible integer deposits and preserves an over-goal forecast
  ---
  duration_ms: 3.9888
  type: 'test'
  ...
# Subtest: S01 shows the remaining amount and rejects invalid day deposits
ok 126 - S01 shows the remaining amount and rejects invalid day deposits
  ---
  duration_ms: 0.6065
  type: 'test'
  ...
# Subtest: S02 preview calculates purchase and postponement without a money command
ok 127 - S02 preview calculates purchase and postponement without a money command
  ---
  duration_ms: 3.6503
  type: 'test'
  ...
# Subtest: S02 blocks an unfunded purchase and malformed withdrawals
ok 128 - S02 blocks an unfunded purchase and malformed withdrawals
  ---
  duration_ms: 0.6283
  type: 'test'
  ...
# Subtest: savings renderer exposes both canonical SRS scenarios and a non-mutating preview
ok 129 - savings renderer exposes both canonical SRS scenarios and a non-mutating preview
  ---
  duration_ms: 1.7802
  type: 'test'
  ...
# Subtest: S02 requires an explicit choice before evaluating a withdrawal
ok 130 - S02 requires an explicit choice before evaluating a withdrawal
  ---
  duration_ms: 0.5934
  type: 'test'
  ...
1..130
# tests 136
# suites 0
# pass 136
# fail 0
# cancelled 0
# skipped 0
# todo 0
# duration_ms 5146.6438

> finni@0.1.0 content
> node scripts/check-content.mjs && node scripts/validate-content.mjs

Контент bootstrap валиден.
(node:20376) [MODULE_TYPELESS_PACKAGE_JSON] Warning: Module type of file:///C:/00.MIDAS/PROJECTS/28.%20HackApp.%202026/Finni%20App/src/content/validator.ts is not specified and it doesn't parse as CommonJS.
Reparsing as ES module because module syntax was detected. This incurs a performance overhead.
To eliminate this warning, add "type": "module" to C:\00.MIDAS\PROJECTS\28. HackApp. 2026\Finni App\package.json.
(Use `node --trace-warnings ...` to show where the warning was created)
Content 1.2.0: 8 lessons, 3 family activities, 7 negative fixtures — valid.

> finni@0.1.0 fixtures
> node scripts/check-fixtures.mjs

Fixtures bootstrap, economy-v2 и demo lifecycle валидны.
