INFO         | Android emulator version 37.1.11.0 (build_id 15917651) (CL:N/A)
INFO         | Graphics backend: gfxstream
INFO         | Found systemPath C:\tmp\finni-s2-006-android-sdk\system-images\android-26\google_apis\x86_64-2\
INFO         | IPv4 server found: 172.19.0.2
INFO         | Ignore IPv6 address: 6073:25cf:6f02:0:68:25cf:6f02:0
INFO         | Ignore IPv6 address: 6073:25cf:6f02:0:68:25cf:6f02:0
INFO         | Ignore IPv6 address: 6073:25cf:6f02:0:68:25cf:6f02:0
INFO         | Ignore IPv6 address: 6079:25cf:6f02:0:68:25cf:6f02:0
INFO         | Ignore IPv6 address: 6079:25cf:6f02:0:68:25cf:6f02:0
INFO         | Ignore IPv6 address: 6079:25cf:6f02:0:68:25cf:6f02:0
INFO         | Ignore IPv6 address: 687f:25cf:6f02:0:68:25cf:6f02:0
INFO         | Ignore IPv6 address: 687f:25cf:6f02:0:68:25cf:6f02:0
INFO         | Ignore IPv6 address: 687f:25cf:6f02:0:68:25cf:6f02:0
INFO         | Ignore IPv6 address: 308b:25cf:6f02:0:68:25cf:6f02:0
INFO         | Ignore IPv6 address: 308b:25cf:6f02:0:68:25cf:6f02:0
INFO         | Ignore IPv6 address: 308b:25cf:6f02:0:68:25cf:6f02:0
INFO         | Ignore IPv6 address: 2099:25cf:6f02:0:68:25cf:6f02:0
INFO         | Ignore IPv6 address: 2099:25cf:6f02:0:68:25cf:6f02:0
INFO         | Ignore IPv6 address: 2099:25cf:6f02:0:68:25cf:6f02:0
INFO         | Ignore IPv6 address: 409f:25cf:6f02:0:68:25cf:6f02:0
INFO         | Ignore IPv6 address: 409f:25cf:6f02:0:68:25cf:6f02:0
INFO         | Ignore IPv6 address: 409f:25cf:6f02:0:68:25cf:6f02:0
INFO         | Ignore IPv6 address: 58a5:25cf:6f02:0:68:25cf:6f02:0
INFO         | Ignore IPv6 address: 58a5:25cf:6f02:0:68:25cf:6f02:0
INFO         | Ignore IPv6 address: 58a5:25cf:6f02:0:68:25cf:6f02:0
INFO         | Guest GLES Driver: Auto (ext controls)
INFO         | emuglConfig_init: vulkan_mode_selected:swiftshader gles_mode_selected:swiftshader
INFO         | Checking system compatibility:
INFO         |   Checking: hasCompatibleHypervisor
INFO         |      Ok: Hypervisor compatibility to run avd: `finni_s7_005_api26` are met
INFO         |   Checking: hasSufficientSystem
INFO         |      Ok: System requirements to run avd: `finni_s7_005_api26` are met
INFO         |   Checking: hasSufficientHwGpu
INFO         |      Ok: Hardware GPU compatibility checks are not required
INFO         |   Checking: hasSufficientDiskSpace
INFO         |      Ok: Disk space requirements to run avd: `finni_s7_005_api26` are met
WARNING      | FeatureControl is requesting a non existing feature.
INFO         | Storing crashdata in: C:\Users\skoro\AppData\Local\Temp\\AndroidEmulator\emu-crash-37.1.11.db, detection is enabled for process: 49088
INFO         | Initializing gfxstream backend
INFO         | startOpenglesRendererImpl: gpu info
INFO         | GPU #1
  Make: 10de
  Model: NVIDIA GeForce RTX 2060 with Max-Q Design
  Device ID: 1f12

INFO         | Graphics Adapter Vendor Google (Google Inc.)
INFO         | Graphics Adapter Android Emulator OpenGL ES Translator (Google SwiftShader)
INFO         | Graphics API Version OpenGL ES 3.0 (OpenGL ES 3.0 SwiftShader 4.0.0.1)
INFO         | Graphics API Extensions GL_OES_EGL_sync GL_OES_EGL_image GL_OES_EGL_image_external GL_OES_depth24 GL_OES_depth32 GL_OES_element_index_uint GL_OES_texture_float GL_OES_texture_float_linear GL_OES_compressed_paletted_texture GL_OES_compressed_ETC1_RGB8_texture GL_OES_depth_texture GL_OES_texture_half_float GL_OES_texture_half_float_linear GL_OES_packed_depth_stencil GL_OES_vertex_half_float GL_OES_standard_derivatives GL_OES_texture_npot GL_OES_rgb8_rgba8 GL_EXT_color_buffer_float GL_EXT_color_buffer_half_float GL_EXT_texture_format_BGRA8888 GL_APPLE_texture_format_BGRA8888 
INFO         | Graphics Device Extensions N/A
INFO         | Verified boot params were not found.
INFO         | Userspace boot properties:
INFO         |   android.qemud=1
INFO         |   androidboot.android_dt_dir=/sys/bus/platform/devices/ANDR0001:00/properties/android/
INFO         |   androidboot.hardware=ranchu
INFO         |   androidboot.serialno=EMULATOR37X1X11X0
INFO         |   qemu=1
INFO         |   qemu.avd_name=finni_s7_005_api26
INFO         |   qemu.camera_hq_edge_processing=0
INFO         |   qemu.dalvik.vm.heapsize=512m
INFO         |   qemu.encrypt=1
INFO         |   qemu.gles=1
INFO         |   qemu.gltransport=pipe
INFO         |   qemu.gltransport.drawFlushInterval=800
INFO         |   qemu.opengles.version=131072
INFO         |   qemu.settings.system.screen_off_timeout=2147483647
INFO         |   qemu.skin=1080x1920
INFO         |   qemu.vsync=60
INFO         |   qemu.wifi=1
WHPX on Windows 10.0.26200 detected.
Windows Hypervisor Platform accelerator is operational
INFO         | Monitoring duration of emulator setup.
WARNING      | The emulator now requires a signed jwt token for gRPC access! Use the -grpc flag if you really want an open unprotected grpc port
INFO         | Using security allow list from: C:\tmp\finni-s2-006-android-sdk\emulator\lib\emulator_access.json
INFO         | The active JSON Web Key Sets can be found here: C:\Users\skoro\AppData\Local\Temp\avd\running\49088\jwks\ef47190f-a1ed-4ebf-96b8-3e92aabfc77b\active.jwk
INFO         | Scanning C:\Users\skoro\AppData\Local\Temp\avd\running\49088\jwks\ef47190f-a1ed-4ebf-96b8-3e92aabfc77b for jwk keys.
INFO         | Started GRPC server at 127.0.0.1:8554, security: Local, auth: +token
INFO         | Advertising in: C:\Users\skoro\AppData\Local\Temp\avd\running\pid_49088.ini
INFO         | Setting display: 0 configuration to: 1080x1920, dpi: 420x420 
INFO         | setDisplayActiveConfig: id:0, 1080x1920
INFO         | emulatorSetupEnvironment: Environment scene is not required
INFO         | Loading snapshot 'default_boot'...
WARNING      | Change of GLES renderer detected.
WARNING      | Error -1 from the snapshot callback

WARNING      | Failed to load snapshot 'default_boot'
USER_INFO    | The emulator is starting from scratch. Reason: different renderer configured
INFO         | Boot completed in 33742 ms
