install-over-preserves-eight-files PASS
installed-delivery-apk-exact-sha256 PASS
final-root-home PASS
final-root-plan PASS
final-root-shop PASS
final-root-savings PASS
final-root-more PASS
final-delivery-back-catalog PASS
final-delivery-back-pet PASS
final-delivery-back-history PASS
final-delivery-back-help PASS
final-delivery-back-adult PASS
final-renderer-LS-B01 PASS
final-renderer-LS-P01 PASS
final-renderer-LS-B03 PASS
final-renderer-LS-P03 PASS
final-renderer-LS-S01 PASS
final-renderer-LS-S02 PASS
embedded-bundle-no-qa-markers PASS
Final delivery checks complete
