root-final-home PASS
root-final-plan PASS
root-final-shop PASS
root-final-savings PASS
root-final-more PASS
catalog-final PASS
history-final PASS
pet-final PASS
help-final PASS
adult-final PASS
catalog-360-100-top PASS
catalog-360-100-end PASS
pet-360-119-top PASS
pet-360-119-end PASS
help-360-150-top PASS
help-360-150-end PASS
adult-360-200-top PASS
adult-360-200-end PASS
history-390-119-top PASS
history-390-119-end PASS
pet-390-150-top PASS
pet-390-150-end PASS
LS-B01-390-2-top PASS
LS-B01-390-2-control PASS
LS-B01-390-2-actions PASS
help-412-100-top PASS
help-412-100-end PASS
LS-B03-412-1.19-top PASS
LS-B03-412-1.19-control PASS
LS-B03-412-1.19-actions PASS
LS-P03-412-1.5-top PASS
LS-P03-412-1.5-control PASS
LS-P03-412-1.5-actions PASS
LS-S02-412-2-top PASS
LS-S02-412-2-control PASS
LS-S02-412-2-actions PASS
LS-P01-360-2-top PASS
LS-P01-360-2-control PASS
LS-P01-360-2-actions PASS
LS-P03-360-2-top PASS
LS-P03-360-2-control PASS
LS-P03-360-2-actions PASS
LS-B03-360-2-top PASS
LS-B03-360-2-control PASS
LS-B03-360-2-actions PASS
pet-360-200-top PASS
pet-360-200-end PASS
help-360-200-top PASS
help-360-200-end PASS
history-360-200-top PASS
history-360-200-end PASS
catalog-360-200-top PASS
catalog-360-200-end PASS
Matrix complete
